Archive member included to satisfy reference by file (symbol)

c:/program files (x86)/gcc-arm-none-eabi-6-2017-q2-update-win32/bin/../lib/gcc/arm-none-eabi/6.3.1/../../../../arm-none-eabi/lib/thumb/v7-m\libg_nano.a(lib_a-errno.o)
                              ./system/src/newlib/_sbrk.o (__errno)
c:/program files (x86)/gcc-arm-none-eabi-6-2017-q2-update-win32/bin/../lib/gcc/arm-none-eabi/6.3.1/../../../../arm-none-eabi/lib/thumb/v7-m\libg_nano.a(lib_a-impure.o)
                              c:/program files (x86)/gcc-arm-none-eabi-6-2017-q2-update-win32/bin/../lib/gcc/arm-none-eabi/6.3.1/../../../../arm-none-eabi/lib/thumb/v7-m\libg_nano.a(lib_a-errno.o) (_impure_ptr)
c:/program files (x86)/gcc-arm-none-eabi-6-2017-q2-update-win32/bin/../lib/gcc/arm-none-eabi/6.3.1/../../../../arm-none-eabi/lib/thumb/v7-m\libg_nano.a(lib_a-memcpy-stub.o)
                              ./src/LoRa.o (memcpy)
c:/program files (x86)/gcc-arm-none-eabi-6-2017-q2-update-win32/bin/../lib/gcc/arm-none-eabi/6.3.1/../../../../arm-none-eabi/lib/thumb/v7-m\libg_nano.a(lib_a-sscanf.o)
                              ./src/command.o (sscanf)
c:/program files (x86)/gcc-arm-none-eabi-6-2017-q2-update-win32/bin/../lib/gcc/arm-none-eabi/6.3.1/../../../../arm-none-eabi/lib/thumb/v7-m\libg_nano.a(lib_a-stdio.o)
                              c:/program files (x86)/gcc-arm-none-eabi-6-2017-q2-update-win32/bin/../lib/gcc/arm-none-eabi/6.3.1/../../../../arm-none-eabi/lib/thumb/v7-m\libg_nano.a(lib_a-sscanf.o) (__seofread)
c:/program files (x86)/gcc-arm-none-eabi-6-2017-q2-update-win32/bin/../lib/gcc/arm-none-eabi/6.3.1/../../../../arm-none-eabi/lib/thumb/v7-m\libg_nano.a(lib_a-strlen.o)
                              ./system/src/diag/Trace.o (strlen)
c:/program files (x86)/gcc-arm-none-eabi-6-2017-q2-update-win32/bin/../lib/gcc/arm-none-eabi/6.3.1/../../../../arm-none-eabi/lib/thumb/v7-m\libg_nano.a(lib_a-strstr.o)
                              ./src/command.o (strstr)
c:/program files (x86)/gcc-arm-none-eabi-6-2017-q2-update-win32/bin/../lib/gcc/arm-none-eabi/6.3.1/../../../../arm-none-eabi/lib/thumb/v7-m\libg_nano.a(lib_a-vsnprintf.o)
                              ./system/src/diag/Trace.o (vsnprintf)
c:/program files (x86)/gcc-arm-none-eabi-6-2017-q2-update-win32/bin/../lib/gcc/arm-none-eabi/6.3.1/../../../../arm-none-eabi/lib/thumb/v7-m\libg_nano.a(lib_a-writer.o)
                              c:/program files (x86)/gcc-arm-none-eabi-6-2017-q2-update-win32/bin/../lib/gcc/arm-none-eabi/6.3.1/../../../../arm-none-eabi/lib/thumb/v7-m\libg_nano.a(lib_a-stdio.o) (_write_r)
c:/program files (x86)/gcc-arm-none-eabi-6-2017-q2-update-win32/bin/../lib/gcc/arm-none-eabi/6.3.1/../../../../arm-none-eabi/lib/thumb/v7-m\libg_nano.a(lib_a-closer.o)
                              c:/program files (x86)/gcc-arm-none-eabi-6-2017-q2-update-win32/bin/../lib/gcc/arm-none-eabi/6.3.1/../../../../arm-none-eabi/lib/thumb/v7-m\libg_nano.a(lib_a-stdio.o) (_close_r)
c:/program files (x86)/gcc-arm-none-eabi-6-2017-q2-update-win32/bin/../lib/gcc/arm-none-eabi/6.3.1/../../../../arm-none-eabi/lib/thumb/v7-m\libg_nano.a(lib_a-lseekr.o)
                              c:/program files (x86)/gcc-arm-none-eabi-6-2017-q2-update-win32/bin/../lib/gcc/arm-none-eabi/6.3.1/../../../../arm-none-eabi/lib/thumb/v7-m\libg_nano.a(lib_a-stdio.o) (_lseek_r)
c:/program files (x86)/gcc-arm-none-eabi-6-2017-q2-update-win32/bin/../lib/gcc/arm-none-eabi/6.3.1/../../../../arm-none-eabi/lib/thumb/v7-m\libg_nano.a(lib_a-nano-svfprintf.o)
                              c:/program files (x86)/gcc-arm-none-eabi-6-2017-q2-update-win32/bin/../lib/gcc/arm-none-eabi/6.3.1/../../../../arm-none-eabi/lib/thumb/v7-m\libg_nano.a(lib_a-vsnprintf.o) (_svfprintf_r)
c:/program files (x86)/gcc-arm-none-eabi-6-2017-q2-update-win32/bin/../lib/gcc/arm-none-eabi/6.3.1/../../../../arm-none-eabi/lib/thumb/v7-m\libg_nano.a(lib_a-nano-svfscanf.o)
                              c:/program files (x86)/gcc-arm-none-eabi-6-2017-q2-update-win32/bin/../lib/gcc/arm-none-eabi/6.3.1/../../../../arm-none-eabi/lib/thumb/v7-m\libg_nano.a(lib_a-sscanf.o) (__ssvfscanf_r)
c:/program files (x86)/gcc-arm-none-eabi-6-2017-q2-update-win32/bin/../lib/gcc/arm-none-eabi/6.3.1/../../../../arm-none-eabi/lib/thumb/v7-m\libg_nano.a(lib_a-nano-vfprintf_i.o)
                              c:/program files (x86)/gcc-arm-none-eabi-6-2017-q2-update-win32/bin/../lib/gcc/arm-none-eabi/6.3.1/../../../../arm-none-eabi/lib/thumb/v7-m\libg_nano.a(lib_a-nano-svfprintf.o) (_printf_i)
c:/program files (x86)/gcc-arm-none-eabi-6-2017-q2-update-win32/bin/../lib/gcc/arm-none-eabi/6.3.1/../../../../arm-none-eabi/lib/thumb/v7-m\libg_nano.a(lib_a-nano-vfscanf_i.o)
                              c:/program files (x86)/gcc-arm-none-eabi-6-2017-q2-update-win32/bin/../lib/gcc/arm-none-eabi/6.3.1/../../../../arm-none-eabi/lib/thumb/v7-m\libg_nano.a(lib_a-nano-svfscanf.o) (_scanf_chars)
[...]
Memory Configuration

Name             Origin             Length             Attributes
RAM              0x20000000         0x00005000         xrw
CCMRAM           0x00000000         0x00000000         xrw
FLASH            0x08000000         0x00020000         xr
FLASHB1          0x00000000         0x00000000         xr
EXTMEMB0         0x00000000         0x00000000         xr
EXTMEMB1         0x00000000         0x00000000         xr
EXTMEMB2         0x00000000         0x00000000         xr
EXTMEMB3         0x00000000         0x00000000         xr
MEMORY_ARRAY     0x00000000         0x00000000         xrw
*default*        0x00000000         0xffffffff

Linker script and memory map

LOAD ./system/src/stm32f1-stdperiph/misc.o
LOAD ./system/src/stm32f1-stdperiph/stm32f10x_adc.o
LOAD ./system/src/stm32f1-stdperiph/stm32f10x_bkp.o
LOAD ./system/src/stm32f1-stdperiph/stm32f10x_can.o
LOAD ./system/src/stm32f1-stdperiph/stm32f10x_cec.o
LOAD ./system/src/stm32f1-stdperiph/stm32f10x_crc.o
LOAD ./system/src/stm32f1-stdperiph/stm32f10x_dac.o
LOAD ./system/src/stm32f1-stdperiph/stm32f10x_dbgmcu.o
LOAD ./system/src/stm32f1-stdperiph/stm32f10x_dma.o
LOAD ./system/src/stm32f1-stdperiph/stm32f10x_exti.o
LOAD ./system/src/stm32f1-stdperiph/stm32f10x_flash.o
LOAD ./system/src/stm32f1-stdperiph/stm32f10x_fsmc.o
LOAD ./system/src/stm32f1-stdperiph/stm32f10x_gpio.o
LOAD ./system/src/stm32f1-stdperiph/stm32f10x_i2c.o
LOAD ./system/src/stm32f1-stdperiph/stm32f10x_iwdg.o
LOAD ./system/src/stm32f1-stdperiph/stm32f10x_pwr.o
LOAD ./system/src/stm32f1-stdperiph/stm32f10x_rcc.o
LOAD ./system/src/stm32f1-stdperiph/stm32f10x_rtc.o
LOAD ./system/src/stm32f1-stdperiph/stm32f10x_sdio.o
LOAD ./system/src/stm32f1-stdperiph/stm32f10x_spi.o
LOAD ./system/src/stm32f1-stdperiph/stm32f10x_tim.o
LOAD ./system/src/stm32f1-stdperiph/stm32f10x_usart.o
LOAD ./system/src/stm32f1-stdperiph/stm32f10x_wwdg.o
LOAD ./system/src/newlib/_cxx.o
LOAD ./system/src/newlib/_exit.o
LOAD ./system/src/newlib/_sbrk.o
LOAD ./system/src/newlib/_startup.o
LOAD ./system/src/newlib/_syscalls.o
LOAD ./system/src/newlib/assert.o
LOAD ./system/src/diag/Trace.o
LOAD ./system/src/diag/trace_impl.o
LOAD ./system/src/cortexm/_initialize_hardware.o
LOAD ./system/src/cortexm/_reset_hardware.o
LOAD ./system/src/cortexm/exception_handlers.o
LOAD ./system/src/cmsis/system_stm32f10x.o
LOAD ./system/src/cmsis/vectors_stm32f10x.o
LOAD ./src/BlinkLed.o
LOAD ./src/LoRa.o
LOAD ./src/LowPowerCtrl.o
LOAD ./src/SPI.o
LOAD ./src/Timer.o
LOAD ./src/_write.o
LOAD ./src/command.o
LOAD ./src/config.o
LOAD ./src/delay.o
LOAD ./src/kx122.o
LOAD ./src/main.o
LOAD ./src/mymalloc.o
LOAD ./src/stmflash.o
LOAD ./src/usart.o
LOAD ./src/w25qxx.o
LOAD c:/program files (x86)/gcc-arm-none-eabi-6-2017-q2-update-win32/bin/../lib/gcc/arm-none-eabi/6.3.1/../../../../arm-none-eabi/lib/thumb/v7-m\libstdc++_nano.a
LOAD c:/program files (x86)/gcc-arm-none-eabi-6-2017-q2-update-win32/bin/../lib/gcc/arm-none-eabi/6.3.1/../../../../arm-none-eabi/lib/thumb/v7-m\libm.a
START GROUP
LOAD c:/program files (x86)/gcc-arm-none-eabi-6-2017-q2-update-win32/bin/../lib/gcc/arm-none-eabi/6.3.1/thumb/v7-m\libgcc.a
LOAD c:/program files (x86)/gcc-arm-none-eabi-6-2017-q2-update-win32/bin/../lib/gcc/arm-none-eabi/6.3.1/../../../../arm-none-eabi/lib/thumb/v7-m\libg_nano.a
LOAD c:/program files (x86)/gcc-arm-none-eabi-6-2017-q2-update-win32/bin/../lib/gcc/arm-none-eabi/6.3.1/../../../../arm-none-eabi/lib/thumb/v7-m\libc_nano.a
END GROUP
START GROUP
LOAD c:/program files (x86)/gcc-arm-none-eabi-6-2017-q2-update-win32/bin/../lib/gcc/arm-none-eabi/6.3.1/thumb/v7-m\libgcc.a
LOAD c:/program files (x86)/gcc-arm-none-eabi-6-2017-q2-update-win32/bin/../lib/gcc/arm-none-eabi/6.3.1/../../../../arm-none-eabi/lib/thumb/v7-m\libc_nano.a
END GROUP
                0x20005000                __stack = (ORIGIN (RAM) + LENGTH (RAM))
                0x20005000                _estack = __stack
                0x00000400                __Main_Stack_Size = 0x400
                [!provide]                PROVIDE (_Main_Stack_Size, __Main_Stack_Size)
                0x20004c00                __Main_Stack_Limit = (__stack - __Main_Stack_Size)
                [!provide]                PROVIDE (_Main_Stack_Limit, __Main_Stack_Limit)
                0x00000100                _Minimum_Stack_Size = 0x100
                0x200036f8                PROVIDE (_Heap_Begin, _end_noinit)
                0x20004c00                PROVIDE (_Heap_Limit, (__stack - __Main_Stack_Size))

.isr_vector     0x08000000      0x350
 FILL mask 0xff
                0x08000000                __vectors_start = ABSOLUTE (.)
                0x08000000                __vectors_start__ = ABSOLUTE (.)
 *(.isr_vector)
 .isr_vector    0x08000000      0x10c ./system/src/cmsis/vectors_stm32f10x.o
                0x08000000                __isr_vectors
 *(.cfmconfig)
 *(.after_vectors .after_vectors.*)
 .after_vectors
                0x0800010c      0x114 ./system/src/newlib/_startup.o
                0x0800010c                _start
 .after_vectors
                0x08000220      0x12c ./system/src/cortexm/exception_handlers.o
                0x08000220                Reset_Handler
                0x08000226                NMI_Handler
                0x0800022a                HardFault_Handler
                0x0800023e                HardFault_Handler_C
                0x0800029c                MemManage_Handler
                0x080002a0                BusFault_Handler
                0x080002b4                BusFault_Handler_C
                0x080002e8                UsageFault_Handler
                0x080002fc                UsageFault_Handler_C
                0x08000330                SVC_Handler
                0x08000334                DebugMon_Handler
                0x08000338                PendSV_Handler
 .after_vectors
                0x0800034c        0x4 ./system/src/cmsis/vectors_stm32f10x.o
                0x0800034c                EXTI2_IRQHandler
                0x0800034c                TIM8_TRG_COM_IRQHandler
                0x0800034c                TIM8_CC_IRQHandler
                0x0800034c                TIM1_CC_IRQHandler
                0x0800034c                TIM6_IRQHandler
                0x0800034c                PVD_IRQHandler
                0x0800034c                SDIO_IRQHandler
                0x0800034c                CAN2_RX1_IRQHandler
                0x0800034c                EXTI3_IRQHandler
                0x0800034c                TIM8_TRG_COM_TIM14_IRQHandler
                0x0800034c                TIM1_UP_TIM10_IRQHandler
                0x0800034c                TIM8_UP_TIM13_IRQHandler
                0x0800034c                EXTI0_IRQHandler
                0x0800034c                I2C2_EV_IRQHandler
                0x0800034c                CAN1_RX0_IRQHandler
                0x0800034c                TIM1_UP_TIM16_IRQHandler
                0x0800034c                CAN2_SCE_IRQHandler
                0x0800034c                ADC1_2_IRQHandler
                0x0800034c                SPI1_IRQHandler
                0x0800034c                TAMPER_IRQHandler
                0x0800034c                TIM6_DAC_IRQHandler
                0x0800034c                TIM1_BRK_TIM9_IRQHandler
                0x0800034c                CAN2_RX0_IRQHandler
                0x0800034c                TIM8_UP_IRQHandler
                0x0800034c                DMA2_Channel2_IRQHandler
                0x0800034c                DMA1_Channel4_IRQHandler
                0x0800034c                USART3_IRQHandler
                0x0800034c                RTC_IRQHandler
                0x0800034c                DMA1_Channel7_IRQHandler
                0x0800034c                CAN1_RX1_IRQHandler
                0x0800034c                UART5_IRQHandler
                0x0800034c                ADC3_IRQHandler
                0x0800034c                TIM4_IRQHandler
                0x0800034c                DMA2_Channel1_IRQHandler
                0x0800034c                I2C1_EV_IRQHandler
                0x0800034c                DMA1_Channel6_IRQHandler
                0x0800034c                UART4_IRQHandler
                0x0800034c                DMA2_Channel4_IRQHandler
                0x0800034c                TIM3_IRQHandler
                0x0800034c                RCC_IRQHandler
                0x0800034c                TIM8_BRK_TIM12_IRQHandler
                0x0800034c                TIM1_TRG_COM_IRQHandler
                0x0800034c                DMA1_Channel1_IRQHandler
                0x0800034c                Default_Handler
                0x0800034c                CEC_IRQHandler
                0x0800034c                TIM14_IRQHandler
                0x0800034c                TIM13_IRQHandler
                0x0800034c                TIM12_IRQHandler
                0x0800034c                TIM7_IRQHandler
                0x0800034c                CAN2_TX_IRQHandler
                0x0800034c                TIM5_IRQHandler
                0x0800034c                EXTI9_5_IRQHandler
                0x0800034c                ETH_WKUP_IRQHandler
                0x0800034c                SPI2_IRQHandler
                0x0800034c                CAN1_TX_IRQHandler
                0x0800034c                DMA2_Channel5_IRQHandler
                0x0800034c                DMA1_Channel5_IRQHandler
                0x0800034c                EXTI4_IRQHandler
                0x0800034c                USB_LP_CAN1_RX0_IRQHandler
                0x0800034c                TIM1_TRG_COM_TIM17_IRQHandler
                0x0800034c                USB_HP_CAN1_TX_IRQHandler
                0x0800034c                DMA1_Channel3_IRQHandler
                0x0800034c                FSMC_IRQHandler
                0x0800034c                ETH_IRQHandler
                0x0800034c                TIM1_UP_IRQHandler
                0x0800034c                WWDG_IRQHandler
                0x0800034c                TIM2_IRQHandler
                0x0800034c                OTG_FS_WKUP_IRQHandler
                0x0800034c                TIM1_TRG_COM_TIM11_IRQHandler
                0x0800034c                TIM1_BRK_IRQHandler
                0x0800034c                EXTI1_IRQHandler
                0x0800034c                RTCAlarm_IRQHandler
                0x0800034c                DMA2_Channel4_5_IRQHandler
                0x0800034c                I2C2_ER_IRQHandler
                0x0800034c                DMA1_Channel2_IRQHandler
                0x0800034c                TIM8_BRK_IRQHandler
                0x0800034c                CAN1_SCE_IRQHandler
                0x0800034c                FLASH_IRQHandler
                0x0800034c                OTG_FS_IRQHandler
                0x0800034c                SPI3_IRQHandler
                0x0800034c                I2C1_ER_IRQHandler
                0x0800034c                USBWakeUp_IRQHandler
                0x0800034c                DMA2_Channel3_IRQHandler
                0x0800034c                TIM1_BRK_TIM15_IRQHandler

.inits          0x08000350       0x28
                0x08000350                __data_regions_array_start = .
                0x08000350        0x4 LONG 0x8004c3c LOADADDR (.data)
                0x08000354        0x4 LONG 0x20000000 ADDR (.data)
                0x08000358        0x4 LONG 0x2000021c (ADDR (.data) + SIZEOF (.data))
                0x0800035c        0x4 LONG 0x8004c3c LOADADDR (.data_CCMRAM)
                0x08000360        0x4 LONG 0x0 ADDR (.data_CCMRAM)
                0x08000364        0x4 LONG 0x0 (ADDR (.data_CCMRAM) + SIZEOF (.data_CCMRAM))
                0x08000368                __data_regions_array_end = .
                0x08000368                __bss_regions_array_start = .
                0x08000368        0x4 LONG 0x2000021c ADDR (.bss)
                0x0800036c        0x4 LONG 0x200036f8 (ADDR (.bss) + SIZEOF (.bss))
                0x08000370        0x4 LONG 0x0 ADDR (.bss_CCMRAM)
                0x08000374        0x4 LONG 0x0 (ADDR (.bss_CCMRAM) + SIZEOF (.bss_CCMRAM))
                0x08000378                __bss_regions_array_end = .
 *(.init)
 *(.fini)
                0x08000378                . = ALIGN (0x4)
                0x08000378                PROVIDE (__preinit_array_start, .)
 *(.preinit_array_sysinit .preinit_array_sysinit.*)
 *(.preinit_array_platform .preinit_array_platform.*)
 *(.preinit_array .preinit_array.*)
                0x08000378                PROVIDE (__preinit_array_end, .)
                0x08000378                . = ALIGN (0x4)
                0x08000378                PROVIDE (__init_array_start, .)
 *(SORT(.init_array.*))
 *(.init_array)
                0x08000378                PROVIDE (__init_array_end, .)
                0x08000378                . = ALIGN (0x4)
                0x08000378                PROVIDE (__fini_array_start, .)
 *(SORT(.fini_array.*))
 *(.fini_array)
                0x08000378                PROVIDE (__fini_array_end, .)

.flashtext
 *(.flashtext .flashtext.*)

.text           0x08000378     0x48c3
 *(.text .text.*)
 .text.NVIC_PriorityGroupConfig
                0x08000378       0x40 ./system/src/stm32f1-stdperiph/misc.o
                0x08000378                NVIC_PriorityGroupConfig
 .text.NVIC_Init
                0x080003b8       0x9c ./system/src/stm32f1-stdperiph/misc.o
                0x080003b8                NVIC_Init
 .text.DMA_DeInit
                0x08000454      0x184 ./system/src/stm32f1-stdperiph/stm32f10x_dma.o
                0x08000454                DMA_DeInit
 .text.DMA_Init
                0x080005d8      0x168 ./system/src/stm32f1-stdperiph/stm32f10x_dma.o
                0x080005d8                DMA_Init
 .text.DMA_Cmd  0x08000740       0x8c ./system/src/stm32f1-stdperiph/stm32f10x_dma.o
                0x08000740                DMA_Cmd
 .text.DMA_SetCurrDataCounter
                0x080007cc       0x68 ./system/src/stm32f1-stdperiph/stm32f10x_dma.o
                0x080007cc                DMA_SetCurrDataCounter
 .text.DMA_GetCurrDataCounter
                0x08000834       0x68 ./system/src/stm32f1-stdperiph/stm32f10x_dma.o
                0x08000834                DMA_GetCurrDataCounter
 .text.EXTI_Init
                0x0800089c       0xd8 ./system/src/stm32f1-stdperiph/stm32f10x_exti.o
                0x0800089c                EXTI_Init
 .text.EXTI_GetITStatus
                0x08000974       0x94 ./system/src/stm32f1-stdperiph/stm32f10x_exti.o
                0x08000974                EXTI_GetITStatus
 .text.EXTI_ClearITPendingBit
                0x08000a08       0x24 ./system/src/stm32f1-stdperiph/stm32f10x_exti.o
                0x08000a08                EXTI_ClearITPendingBit
 .text.GPIO_Init
                0x08000a2c      0x130 ./system/src/stm32f1-stdperiph/stm32f10x_gpio.o
                0x08000a2c                GPIO_Init
 .text.GPIO_ReadInputDataBit
                0x08000b5c       0xb8 ./system/src/stm32f1-stdperiph/stm32f10x_gpio.o
                0x08000b5c                GPIO_ReadInputDataBit
 .text.GPIO_SetBits
                0x08000c14       0x60 ./system/src/stm32f1-stdperiph/stm32f10x_gpio.o
                0x08000c14                GPIO_SetBits
 .text.GPIO_ResetBits
                0x08000c74       0x60 ./system/src/stm32f1-stdperiph/stm32f10x_gpio.o
                0x08000c74                GPIO_ResetBits
 .text.GPIO_EXTILineConfig
                0x08000cd4       0x5c ./system/src/stm32f1-stdperiph/stm32f10x_gpio.o
                0x08000cd4                GPIO_EXTILineConfig
 .text.RCC_DeInit
                0x08000d30       0x40 ./system/src/stm32f1-stdperiph/stm32f10x_rcc.o
                0x08000d30                RCC_DeInit
 .text.RCC_HSEConfig
                0x08000d70       0x5c ./system/src/stm32f1-stdperiph/stm32f10x_rcc.o
                0x08000d70                RCC_HSEConfig
 .text.RCC_PLLConfig
                0x08000dcc       0x98 ./system/src/stm32f1-stdperiph/stm32f10x_rcc.o
                0x08000dcc                RCC_PLLConfig
 .text.RCC_PLLCmd
                0x08000e64       0x20 ./system/src/stm32f1-stdperiph/stm32f10x_rcc.o
                0x08000e64                RCC_PLLCmd
 .text.RCC_SYSCLKConfig
                0x08000e84       0x2c ./system/src/stm32f1-stdperiph/stm32f10x_rcc.o
                0x08000e84                RCC_SYSCLKConfig
 .text.RCC_GetSYSCLKSource
                0x08000eb0       0x10 ./system/src/stm32f1-stdperiph/stm32f10x_rcc.o
                0x08000eb0                RCC_GetSYSCLKSource
 .text.RCC_HCLKConfig
                0x08000ec0       0x48 ./system/src/stm32f1-stdperiph/stm32f10x_rcc.o
                0x08000ec0                RCC_HCLKConfig
 .text.RCC_PCLK1Config
                0x08000f08       0x40 ./system/src/stm32f1-stdperiph/stm32f10x_rcc.o
                0x08000f08                RCC_PCLK1Config
 .text.RCC_PCLK2Config
                0x08000f48       0x40 ./system/src/stm32f1-stdperiph/stm32f10x_rcc.o
                0x08000f48                RCC_PCLK2Config
 .text.RCC_GetClocksFreq
                0x08000f88       0xbc ./system/src/stm32f1-stdperiph/stm32f10x_rcc.o
                0x08000f88                RCC_GetClocksFreq
 .text.RCC_AHBPeriphClockCmd
                0x08001044       0x4c ./system/src/stm32f1-stdperiph/stm32f10x_rcc.o
                0x08001044                RCC_AHBPeriphClockCmd
 .text.RCC_APB2PeriphClockCmd
                0x08001090       0x4c ./system/src/stm32f1-stdperiph/stm32f10x_rcc.o
                0x08001090                RCC_APB2PeriphClockCmd
 .text.RCC_APB1PeriphClockCmd
                0x080010dc       0x4c ./system/src/stm32f1-stdperiph/stm32f10x_rcc.o
                0x080010dc                RCC_APB1PeriphClockCmd
 .text.RCC_APB2PeriphResetCmd
                0x08001128       0x4c ./system/src/stm32f1-stdperiph/stm32f10x_rcc.o
                0x08001128                RCC_APB2PeriphResetCmd
 .text.RCC_APB1PeriphResetCmd
                0x08001174       0x4c ./system/src/stm32f1-stdperiph/stm32f10x_rcc.o
                0x08001174                RCC_APB1PeriphResetCmd
 .text.RCC_GetFlagStatus
                0x080011c0       0x74 ./system/src/stm32f1-stdperiph/stm32f10x_rcc.o
                0x080011c0                RCC_GetFlagStatus
 .text.RCC_WaitForHSEStartUp
                0x08001234       0x34 ./system/src/stm32f1-stdperiph/stm32f10x_rcc.o
                0x08001234                RCC_WaitForHSEStartUp
 .text.SPI_Init
                0x08001268      0x13c ./system/src/stm32f1-stdperiph/stm32f10x_spi.o
                0x08001268                SPI_Init
 .text.SPI_Cmd  0x080013a4       0x58 ./system/src/stm32f1-stdperiph/stm32f10x_spi.o
                0x080013a4                SPI_Cmd
 .text.SPI_I2S_SendData
                0x080013fc       0x34 ./system/src/stm32f1-stdperiph/stm32f10x_spi.o
                0x080013fc                SPI_I2S_SendData
 .text.SPI_I2S_ReceiveData
                0x08001430       0x34 ./system/src/stm32f1-stdperiph/stm32f10x_spi.o
                0x08001430                SPI_I2S_ReceiveData
 .text.SPI_I2S_GetFlagStatus
                0x08001464       0x68 ./system/src/stm32f1-stdperiph/stm32f10x_spi.o
                0x08001464                SPI_I2S_GetFlagStatus
 .text.USART_DeInit
                0x080014cc       0xd8 ./system/src/stm32f1-stdperiph/stm32f10x_usart.o
                0x080014cc                USART_DeInit
 .text.USART_Init
                0x080015a4      0x1b0 ./system/src/stm32f1-stdperiph/stm32f10x_usart.o
                0x080015a4                USART_Init
 .text.USART_Cmd
                0x08001754       0x68 ./system/src/stm32f1-stdperiph/stm32f10x_usart.o
                0x08001754                USART_Cmd
 .text.USART_ITConfig
                0x080017bc       0xf0 ./system/src/stm32f1-stdperiph/stm32f10x_usart.o
                0x080017bc                USART_ITConfig
 .text.USART_DMACmd
                0x080018ac       0x7c ./system/src/stm32f1-stdperiph/stm32f10x_usart.o
                0x080018ac                USART_DMACmd
 .text.USART_SendData
                0x08001928       0x58 ./system/src/stm32f1-stdperiph/stm32f10x_usart.o
                0x08001928                USART_SendData
 .text.USART_ReceiveData
                0x08001980       0x44 ./system/src/stm32f1-stdperiph/stm32f10x_usart.o
                0x08001980                USART_ReceiveData
 .text.USART_GetFlagStatus
                0x080019c4       0xac ./system/src/stm32f1-stdperiph/stm32f10x_usart.o
                0x080019c4                USART_GetFlagStatus
 .text.USART_GetITStatus
                0x08001a70      0x100 ./system/src/stm32f1-stdperiph/stm32f10x_usart.o
                0x08001a70                USART_GetITStatus
 .text._exit    0x08001b70        0x2 ./system/src/newlib/_exit.o
                0x08001b70                _exit
 *fill*         0x08001b72        0x2 
 .text.abort    0x08001b74       0x14 ./system/src/newlib/_exit.o
                0x08001b74                abort
 .text._sbrk    0x08001b88       0x44 ./system/src/newlib/_sbrk.o
                0x08001b88                _sbrk
 .text.__initialize_args
                0x08001bcc       0x10 ./system/src/newlib/_syscalls.o
                0x08001bcc                __initialize_args
 .text.assert_failed
                0x08001bdc       0x14 ./system/src/newlib/assert.o
                0x08001bdc                assert_failed
 .text.trace_printf
                0x08001bf0       0x30 ./system/src/diag/Trace.o
                0x08001bf0                trace_printf
 .text.trace_puts
                0x08001c20       0x20 ./system/src/diag/Trace.o
                0x08001c20                trace_puts
 .text._trace_write_semihosting_debug
                0x08001c40       0x60 ./system/src/diag/trace_impl.o
 .text.trace_write
                0x08001ca0        0x8 ./system/src/diag/trace_impl.o
                0x08001ca0                trace_write
 .text.__initialize_hardware_early
                0x08001ca8       0x18 ./system/src/cortexm/_initialize_hardware.o
                0x08001ca8                __initialize_hardware_early
 .text.__initialize_hardware
                0x08001cc0        0x8 ./system/src/cortexm/_initialize_hardware.o
                0x08001cc0                __initialize_hardware
 .text.dumpExceptionStack
                0x08001cc8       0xf4 ./system/src/cortexm/exception_handlers.o
                0x08001cc8                dumpExceptionStack
 .text.isSemihosting
                0x08001dbc       0x20 ./system/src/cortexm/exception_handlers.o
                0x08001dbc                isSemihosting
 .text.SetSysClockTo72
                0x08001ddc       0xc4 ./system/src/cmsis/system_stm32f10x.o
 .text.SetSysClock
                0x08001ea0        0x8 ./system/src/cmsis/system_stm32f10x.o
 .text.SystemInit
                0x08001ea8       0x50 ./system/src/cmsis/system_stm32f10x.o
                0x08001ea8                SystemInit
 .text.SystemCoreClockUpdate
                0x08001ef8       0x94 ./system/src/cmsis/system_stm32f10x.o
                0x08001ef8                SystemCoreClockUpdate
 .text.Lora_Check_Aux_Busy
                0x08001f8c       0x20 ./src/LoRa.o
                0x08001f8c                Lora_Check_Aux_Busy
 .text.Lora_Init
                0x08001fac       0x6c ./src/LoRa.o
                0x08001fac                Lora_Init
 .text.Lora_Send_Data
                0x08002018       0xe8 ./src/LoRa.o
                0x08002018                Lora_Send_Data
 .text.Lora_Mode_Switch
                0x08002100       0x74 ./src/LoRa.o
                0x08002100                Lora_Mode_Switch
 .text.Lora_Parameter_Read
                0x08002174       0x64 ./src/LoRa.o
                0x08002174                Lora_Parameter_Read
 .text.Lora_Parameter_Write
                0x080021d8       0x44 ./src/LoRa.o
                0x080021d8                Lora_Parameter_Write
 .text.Lora_Parameter_Config
                0x0800221c       0x38 ./src/LoRa.o
                0x0800221c                Lora_Parameter_Config
 .text.Transmit_Data
                0x08002254       0x70 ./src/LoRa.o
                0x08002254                Transmit_Data
 .text.SPI1_Init
                0x080022c4       0x90 ./src/SPI.o
                0x080022c4                SPI1_Init
 .text.SPI2_Init
                0x08002354       0xa0 ./src/SPI.o
                0x08002354                SPI2_Init
 .text.SPI1_ReadWrite_Byte
                0x080023f4       0x50 ./src/SPI.o
                0x080023f4                SPI1_ReadWrite_Byte
 .text.SPI2_ReadWrite_Byte
                0x08002444       0x50 ./src/SPI.o
                0x08002444                SPI2_ReadWrite_Byte
 .text.timer_start
                0x08002494       0x3c ./src/Timer.o
                0x08002494                timer_start
 .text.timer_sleep
                0x080024d0       0x14 ./src/Timer.o
                0x080024d0                timer_sleep
 .text.timer_tick
                0x080024e4       0x14 ./src/Timer.o
                0x080024e4                timer_tick
 .text.SysTick_Handler
                0x080024f8        0x8 ./src/Timer.o
                0x080024f8                SysTick_Handler
 .text.Daq_Stop
                0x08002500       0x28 ./src/command.o
                0x08002500                Daq_Stop
 .text.Daq_Transmit
                0x08002528        0x8 ./src/command.o
                0x08002528                Daq_Transmit
 .text.get_cmd  0x08002530       0xfc ./src/command.o
                0x08002530                get_cmd
 .text.clear_cmd_buff
                0x0800262c       0x2c ./src/command.o
                0x0800262c                clear_cmd_buff
 .text.handle_recv_cmd
                0x08002658       0x90 ./src/command.o
                0x08002658                handle_recv_cmd
 .text.RCC_Configration
                0x080026e8       0x60 ./src/config.o
                0x080026e8                RCC_Configration
 .text.NVIC_Configration
                0x08002748        0xc ./src/config.o
                0x08002748                NVIC_Configration
 .text.Kx122_INT_Init
                0x08002754       0x70 ./src/kx122.o
                0x08002754                Kx122_INT_Init
 .text.Kx122_Get_XYZ
                0x080027c4       0x38 ./src/kx122.o
                0x080027c4                Kx122_Get_XYZ
 .text.Kx122_Read_Register
                0x080027fc       0x30 ./src/kx122.o
                0x080027fc                Kx122_Read_Register
 .text.Kx122_Read_ID
                0x0800282c       0x2c ./src/kx122.o
                0x0800282c                Kx122_Read_ID
 .text.Kx122_Init
                0x08002858       0x40 ./src/kx122.o
                0x08002858                Kx122_Init
 .text.Kx122_Read_INT
                0x08002898        0xa ./src/kx122.o
                0x08002898                Kx122_Read_INT
 *fill*         0x080028a2        0x2 
 .text.Kx122_Write_Register
                0x080028a4       0x2c ./src/kx122.o
                0x080028a4                Kx122_Write_Register
 .text.Kx122_Clear_Buff
                0x080028d0        0xc ./src/kx122.o
                0x080028d0                Kx122_Clear_Buff
 .text.Kx122_Start_Measure
                0x080028dc       0x1a ./src/kx122.o
                0x080028dc                Kx122_Start_Measure
 .text.Kx122_Stop_Measure
                0x080028f6       0x18 ./src/kx122.o
                0x080028f6                Kx122_Stop_Measure
 .text.Sample_Rate
                0x0800290e       0x74 ./src/kx122.o
                0x0800290e                Sample_Rate
 .text.Kx122_Config
                0x08002982       0xcc ./src/kx122.o
                0x08002982                Kx122_Config
 *fill*         0x08002a4e        0x2 
 .text.EXTI15_10_IRQHandler
                0x08002a50       0xd8 ./src/kx122.o
                0x08002a50                EXTI15_10_IRQHandler
 .text.main     0x08002b28       0x64 ./src/main.o
                0x08002b28                main
 .text.mymemset
                0x08002b8c        0xe ./src/mymalloc.o
                0x08002b8c                mymemset
 *fill*         0x08002b9a        0x2 
 .text.my_mem_init
                0x08002b9c       0x2c ./src/mymalloc.o
                0x08002b9c                my_mem_init
 .text.my_mem_malloc
                0x08002bc8       0x60 ./src/mymalloc.o
                0x08002bc8                my_mem_malloc
 .text.my_mem_free
                0x08002c28       0x34 ./src/mymalloc.o
                0x08002c28                my_mem_free
 .text.mymalloc
                0x08002c5c       0x1c ./src/mymalloc.o
                0x08002c5c                mymalloc
 .text.myfree   0x08002c78       0x18 ./src/mymalloc.o
                0x08002c78                myfree
 .text.uart1_init
                0x08002c90       0xa8 ./src/usart.o
                0x08002c90                uart1_init
 .text.uart2_init
                0x08002d38       0xb4 ./src/usart.o
                0x08002d38                uart2_init
 .text.MYDMA_Config
                0x08002dec       0x44 ./src/usart.o
                0x08002dec                MYDMA_Config
 .text.MYDMA_Enable
                0x08002e30       0x30 ./src/usart.o
                0x08002e30                MYDMA_Enable
 .text.USART1_IRQHandler
                0x08002e60       0x78 ./src/usart.o
                0x08002e60                USART1_IRQHandler
 .text.USART2_IRQHandler
                0x08002ed8       0x5c ./src/usart.o
                0x08002ed8                USART2_IRQHandler
 .text.USART2_SEND_DATA
                0x08002f34       0x38 ./src/usart.o
                0x08002f34                USART2_SEND_DATA
 .text.W25qxx_Read_SR
                0x08002f6c       0x30 ./src/w25qxx.o
                0x08002f6c                W25qxx_Read_SR
 .text.W25qxx_ReadID
                0x08002f9c       0x4c ./src/w25qxx.o
                0x08002f9c                W25qxx_ReadID
 .text.W25qxx_Init
                0x08002fe8       0x74 ./src/w25qxx.o
                0x08002fe8                W25qxx_Init
 .text.W25qxx_Write_Enable
                0x0800305c       0x24 ./src/w25qxx.o
                0x0800305c                W25qxx_Write_Enable
 .text.W25qxx_Wait_Busy
                0x08003080        0xe ./src/w25qxx.o
                0x08003080                W25qxx_Wait_Busy
 *fill*         0x0800308e        0x2 
 .text.W25qxx_Read_Page
                0x08003090       0x50 ./src/w25qxx.o
                0x08003090                W25qxx_Read_Page
 .text.W25qxx_Write_Sector
                0x080030e0       0x58 ./src/w25qxx.o
                0x080030e0                W25qxx_Write_Sector
 .text.W25qxx_Write_NoCheck
                0x08003138       0x4c ./src/w25qxx.o
                0x08003138                W25qxx_Write_NoCheck
 .text.W25qxx_Sector_Erase
                0x08003184       0x4c ./src/w25qxx.o
                0x08003184                W25qxx_Sector_Erase
 .text.W25qxx_Write_Check
                0x080031d0       0xb4 ./src/w25qxx.o
                0x080031d0                W25qxx_Write_Check
 .text.W25qxx_Sector_Init
                0x08003284       0x20 ./src/w25qxx.o
                0x08003284                W25qxx_Sector_Init
 .text.__errno  0x080032a4        0xc c:/program files (x86)/gcc-arm-none-eabi-6-2017-q2-update-win32/bin/../lib/gcc/arm-none-eabi/6.3.1/../../../../arm-none-eabi/lib/thumb/v7-m\libg_nano.a(lib_a-errno.o)
                0x080032a4                __errno
 .text.memcpy   0x080032b0       0x16 c:/program files (x86)/gcc-arm-none-eabi-6-2017-q2-update-win32/bin/../lib/gcc/arm-none-eabi/6.3.1/../../../../arm-none-eabi/lib/thumb/v7-m\libg_nano.a(lib_a-memcpy-stub.o)
                0x080032b0                memcpy
 *fill*         0x080032c6        0x2 
 .text.sscanf   0x080032c8       0x54 c:/program files (x86)/gcc-arm-none-eabi-6-2017-q2-update-win32/bin/../lib/gcc/arm-none-eabi/6.3.1/../../../../arm-none-eabi/lib/thumb/v7-m\libg_nano.a(lib_a-sscanf.o)
                0x080032c8                siscanf
                0x080032c8                sscanf
 .text.__seofread
                0x0800331c        0x4 c:/program files (x86)/gcc-arm-none-eabi-6-2017-q2-update-win32/bin/../lib/gcc/arm-none-eabi/6.3.1/../../../../arm-none-eabi/lib/thumb/v7-m\libg_nano.a(lib_a-stdio.o)
                0x0800331c                __seofread
 .text          0x08003320       0x10 c:/program files (x86)/gcc-arm-none-eabi-6-2017-q2-update-win32/bin/../lib/gcc/arm-none-eabi/6.3.1/../../../../arm-none-eabi/lib/thumb/v7-m\libg_nano.a(lib_a-strlen.o)
                0x08003320                strlen
 .text.strstr   0x08003330       0x36 c:/program files (x86)/gcc-arm-none-eabi-6-2017-q2-update-win32/bin/../lib/gcc/arm-none-eabi/6.3.1/../../../../arm-none-eabi/lib/thumb/v7-m\libg_nano.a(lib_a-strstr.o)
                0x08003330                strstr
 .text._vsnprintf_r
                0x08003366       0x58 c:/program files (x86)/gcc-arm-none-eabi-6-2017-q2-update-win32/bin/../lib/gcc/arm-none-eabi/6.3.1/../../../../arm-none-eabi/lib/thumb/v7-m\libg_nano.a(lib_a-vsnprintf.o)
                0x08003366                _vsniprintf_r
                0x08003366                _vsnprintf_r
 *fill*         0x080033be        0x2 
 .text.vsnprintf
                0x080033c0       0x1c c:/program files (x86)/gcc-arm-none-eabi-6-2017-q2-update-win32/bin/../lib/gcc/arm-none-eabi/6.3.1/../../../../arm-none-eabi/lib/thumb/v7-m\libg_nano.a(lib_a-vsnprintf.o)
                0x080033c0                vsniprintf
                0x080033c0                vsnprintf
 .text.__ssputs_r
                0x080033dc       0xb6 c:/program files (x86)/gcc-arm-none-eabi-6-2017-q2-update-win32/bin/../lib/gcc/arm-none-eabi/6.3.1/../../../../arm-none-eabi/lib/thumb/v7-m\libg_nano.a(lib_a-nano-svfprintf.o)
                0x080033dc                __ssputs_r
 *fill*         0x08003492        0x2 
 .text._svfprintf_r
                0x08003494      0x1e8 c:/program files (x86)/gcc-arm-none-eabi-6-2017-q2-update-win32/bin/../lib/gcc/arm-none-eabi/6.3.1/../../../../arm-none-eabi/lib/thumb/v7-m\libg_nano.a(lib_a-nano-svfprintf.o)
                0x08003494                _svfiprintf_r
                0x08003494                _svfprintf_r
 .text._sungetc_r
                0x0800367c       0x7a c:/program files (x86)/gcc-arm-none-eabi-6-2017-q2-update-win32/bin/../lib/gcc/arm-none-eabi/6.3.1/../../../../arm-none-eabi/lib/thumb/v7-m\libg_nano.a(lib_a-nano-svfscanf.o)
                0x0800367c                _sungetc_r
 .text.__ssrefill_r
                0x080036f6       0x3a c:/program files (x86)/gcc-arm-none-eabi-6-2017-q2-update-win32/bin/../lib/gcc/arm-none-eabi/6.3.1/../../../../arm-none-eabi/lib/thumb/v7-m\libg_nano.a(lib_a-nano-svfscanf.o)
                0x080036f6                __ssrefill_r
 .text.__ssvfscanf_r
                0x08003730      0x2a8 c:/program files (x86)/gcc-arm-none-eabi-6-2017-q2-update-win32/bin/../lib/gcc/arm-none-eabi/6.3.1/../../../../arm-none-eabi/lib/thumb/v7-m\libg_nano.a(lib_a-nano-svfscanf.o)
                0x08003730                __ssvfiscanf_r
                0x08003730                __ssvfscanf_r
 .text._printf_common
                0x080039d8       0xee c:/program files (x86)/gcc-arm-none-eabi-6-2017-q2-update-win32/bin/../lib/gcc/arm-none-eabi/6.3.1/../../../../arm-none-eabi/lib/thumb/v7-m\libg_nano.a(lib_a-nano-vfprintf_i.o)
                0x080039d8                _printf_common
 *fill*         0x08003ac6        0x2 
 .text._printf_i
                0x08003ac8      0x240 c:/program files (x86)/gcc-arm-none-eabi-6-2017-q2-update-win32/bin/../lib/gcc/arm-none-eabi/6.3.1/../../../../arm-none-eabi/lib/thumb/v7-m\libg_nano.a(lib_a-nano-vfprintf_i.o)
                0x08003ac8                _printf_i
 .text._scanf_chars
                0x08003d08       0xc6 c:/program files (x86)/gcc-arm-none-eabi-6-2017-q2-update-win32/bin/../lib/gcc/arm-none-eabi/6.3.1/../../../../arm-none-eabi/lib/thumb/v7-m\libg_nano.a(lib_a-nano-vfscanf_i.o)
                0x08003d08                _scanf_chars
 *fill*         0x08003dce        0x2 
 .text._scanf_i
                0x08003dd0      0x1ec c:/program files (x86)/gcc-arm-none-eabi-6-2017-q2-update-win32/bin/../lib/gcc/arm-none-eabi/6.3.1/../../../../arm-none-eabi/lib/thumb/v7-m\libg_nano.a(lib_a-nano-vfscanf_i.o)
                0x08003dd0                _scanf_i
 .text.__sccl   0x08003fbc       0x5e c:/program files (x86)/gcc-arm-none-eabi-6-2017-q2-update-win32/bin/../lib/gcc/arm-none-eabi/6.3.1/../../../../arm-none-eabi/lib/thumb/v7-m\libg_nano.a(lib_a-sccl.o)
                0x08003fbc                __sccl
 .text._strtol_l.isra.0
                0x0800401a      0x100 c:/program files (x86)/gcc-arm-none-eabi-6-2017-q2-update-win32/bin/../lib/gcc/arm-none-eabi/6.3.1/../../../../arm-none-eabi/lib/thumb/v7-m\libg_nano.a(lib_a-strtol.o)
 *fill*         0x0800411a        0x2 
 .text._strtol_r
                0x0800411c       0x24 c:/program files (x86)/gcc-arm-none-eabi-6-2017-q2-update-win32/bin/../lib/gcc/arm-none-eabi/6.3.1/../../../../arm-none-eabi/lib/thumb/v7-m\libg_nano.a(lib_a-strtol.o)
                0x0800411c                _strtol_r
 .text._strtoul_l.isra.0
                0x08004140       0xfa c:/program files (x86)/gcc-arm-none-eabi-6-2017-q2-update-win32/bin/../lib/gcc/arm-none-eabi/6.3.1/../../../../arm-none-eabi/lib/thumb/v7-m\libg_nano.a(lib_a-strtoul.o)
 *fill*         0x0800423a        0x2 
 .text._strtoul_r
                0x0800423c       0x24 c:/program files (x86)/gcc-arm-none-eabi-6-2017-q2-update-win32/bin/../lib/gcc/arm-none-eabi/6.3.1/../../../../arm-none-eabi/lib/thumb/v7-m\libg_nano.a(lib_a-strtoul.o)
                0x0800423c                _strtoul_r
 .text.__submore
                0x08004260       0x72 c:/program files (x86)/gcc-arm-none-eabi-6-2017-q2-update-win32/bin/../lib/gcc/arm-none-eabi/6.3.1/../../../../arm-none-eabi/lib/thumb/v7-m\libg_nano.a(lib_a-ungetc.o)
                0x08004260                __submore
 .text.__locale_ctype_ptr_l
                0x080042d2        0x6 c:/program files (x86)/gcc-arm-none-eabi-6-2017-q2-update-win32/bin/../lib/gcc/arm-none-eabi/6.3.1/../../../../arm-none-eabi/lib/thumb/v7-m\libg_nano.a(lib_a-locale.o)
                0x080042d2                __locale_ctype_ptr_l
 .text.__locale_ctype_ptr
                0x080042d8       0x1c c:/program files (x86)/gcc-arm-none-eabi-6-2017-q2-update-win32/bin/../lib/gcc/arm-none-eabi/6.3.1/../../../../arm-none-eabi/lib/thumb/v7-m\libg_nano.a(lib_a-locale.o)
                0x080042d8                __locale_ctype_ptr
 .text.__ascii_mbtowc
                0x080042f4       0x24 c:/program files (x86)/gcc-arm-none-eabi-6-2017-q2-update-win32/bin/../lib/gcc/arm-none-eabi/6.3.1/../../../../arm-none-eabi/lib/thumb/v7-m\libg_nano.a(lib_a-mbtowc_r.o)
                0x080042f4                __ascii_mbtowc
 .text.memchr   0x08004318       0x1c c:/program files (x86)/gcc-arm-none-eabi-6-2017-q2-update-win32/bin/../lib/gcc/arm-none-eabi/6.3.1/../../../../arm-none-eabi/lib/thumb/v7-m\libg_nano.a(lib_a-memchr-stub.o)
                0x08004318                memchr
 .text.memmove  0x08004334       0x34 c:/program files (x86)/gcc-arm-none-eabi-6-2017-q2-update-win32/bin/../lib/gcc/arm-none-eabi/6.3.1/../../../../arm-none-eabi/lib/thumb/v7-m\libg_nano.a(lib_a-memmove.o)
                0x08004334                memmove
 .text._free_r  0x08004368       0x98 c:/program files (x86)/gcc-arm-none-eabi-6-2017-q2-update-win32/bin/../lib/gcc/arm-none-eabi/6.3.1/../../../../arm-none-eabi/lib/thumb/v7-m\libg_nano.a(lib_a-nano-freer.o)
                0x08004368                _free_r
 .text._malloc_r
                0x08004400       0xbc c:/program files (x86)/gcc-arm-none-eabi-6-2017-q2-update-win32/bin/../lib/gcc/arm-none-eabi/6.3.1/../../../../arm-none-eabi/lib/thumb/v7-m\libg_nano.a(lib_a-nano-mallocr.o)
                0x08004400                _malloc_r
 .text._realloc_r
                0x080044bc       0x4c c:/program files (x86)/gcc-arm-none-eabi-6-2017-q2-update-win32/bin/../lib/gcc/arm-none-eabi/6.3.1/../../../../arm-none-eabi/lib/thumb/v7-m\libg_nano.a(lib_a-nano-reallocr.o)
                0x080044bc                _realloc_r
 .text._sbrk_r  0x08004508       0x20 c:/program files (x86)/gcc-arm-none-eabi-6-2017-q2-update-win32/bin/../lib/gcc/arm-none-eabi/6.3.1/../../../../arm-none-eabi/lib/thumb/v7-m\libg_nano.a(lib_a-sbrkr.o)
                0x08004508                _sbrk_r
 .text.__ascii_wctomb
                0x08004528       0x1a c:/program files (x86)/gcc-arm-none-eabi-6-2017-q2-update-win32/bin/../lib/gcc/arm-none-eabi/6.3.1/../../../../arm-none-eabi/lib/thumb/v7-m\libg_nano.a(lib_a-wctomb_r.o)
                0x08004528                __ascii_wctomb
 .text.__malloc_lock
                0x08004542        0x2 c:/program files (x86)/gcc-arm-none-eabi-6-2017-q2-update-win32/bin/../lib/gcc/arm-none-eabi/6.3.1/../../../../arm-none-eabi/lib/thumb/v7-m\libg_nano.a(lib_a-mlock.o)
                0x08004542                __malloc_lock
 .text.__malloc_unlock
                0x08004544        0x2 c:/program files (x86)/gcc-arm-none-eabi-6-2017-q2-update-win32/bin/../lib/gcc/arm-none-eabi/6.3.1/../../../../arm-none-eabi/lib/thumb/v7-m\libg_nano.a(lib_a-mlock.o)
                0x08004544                __malloc_unlock
 .text._malloc_usable_size_r
                0x08004546       0x12 c:/program files (x86)/gcc-arm-none-eabi-6-2017-q2-update-win32/bin/../lib/gcc/arm-none-eabi/6.3.1/../../../../arm-none-eabi/lib/thumb/v7-m\libg_nano.a(lib_a-nano-msizer.o)
                0x08004546                _malloc_usable_size_r
 *(.rodata .rodata.* .constdata .constdata.*)
 .rodata.NVIC_PriorityGroupConfig.str1.4
                0x08004558       0x27 ./system/src/stm32f1-stdperiph/misc.o
 *fill*         0x0800457f        0x1 
 .rodata.DMA_DeInit.str1.4
                0x08004580       0x30 ./system/src/stm32f1-stdperiph/stm32f10x_dma.o
 .rodata.EXTI_Init.str1.4
                0x080045b0       0x31 ./system/src/stm32f1-stdperiph/stm32f10x_exti.o
 *fill*         0x080045e1        0x3 
 .rodata.GPIO_DeInit.str1.4
                0x080045e4       0x31 ./system/src/stm32f1-stdperiph/stm32f10x_gpio.o
 *fill*         0x08004615        0x3 
 .rodata.RCC_HSEConfig.str1.4
                0x08004618       0x30 ./system/src/stm32f1-stdperiph/stm32f10x_rcc.o
 .rodata.SPI_I2S_DeInit.str1.4
                0x08004648       0x30 ./system/src/stm32f1-stdperiph/stm32f10x_spi.o
 .rodata.USART_DeInit.str1.4
                0x08004678       0x32 ./system/src/stm32f1-stdperiph/stm32f10x_usart.o
 *fill*         0x080046aa        0x2 
 .rodata.abort.str1.4
                0x080046ac       0x14 ./system/src/newlib/_exit.o
 .rodata.assert_failed.str1.4
                0x080046c0       0x2b ./system/src/newlib/assert.o
 .rodata.trace_puts.str1.4
                0x080046eb       0x2b ./system/src/diag/Trace.o
                                  0x2 (size before relaxing)
 *fill*         0x080046eb        0x1 
 .rodata.dumpExceptionStack.str1.4
                0x080046ec      0x11a ./system/src/cortexm/exception_handlers.o
 *fill*         0x08004806        0x2 
 .rodata.str1.4
                0x08004808       0x2a ./system/src/cortexm/exception_handlers.o
 *fill*         0x08004832        0x2 
 .rodata.Lora_Parameter_Config.str1.4
                0x08004834       0x17 ./src/LoRa.o
 *fill*         0x0800484b        0x1 
 .rodata.Lora_Send_Data.str1.4
                0x0800484c        0xf ./src/LoRa.o
 *fill*         0x0800485b        0x1 
 .rodata.get_cmd.str1.4
                0x0800485c      0x11d ./src/command.o
 *fill*         0x08004979        0x3 
 .rodata.handle_recv_cmd.str1.4
                0x0800497c       0x6c ./src/command.o
 .rodata.Kx122_Read_ID.str1.4
                0x080049e8       0x29 ./src/kx122.o
 *fill*         0x08004a11        0x3 
 .rodata.main.str1.4
                0x08004a14       0x15 ./src/main.o
 *fill*         0x08004a29        0x3 
 .rodata.W25qxx_Init.str1.4
                0x08004a2c       0x30 ./src/w25qxx.o
 .rodata.W25qxx_Sector_Init.str1.4
                0x08004a5c       0x18 ./src/w25qxx.o
                                 0x17 (size before relaxing)
 .rodata._svfprintf_r.str1.1
                0x08004a74       0x11 c:/program files (x86)/gcc-arm-none-eabi-6-2017-q2-update-win32/bin/../lib/gcc/arm-none-eabi/6.3.1/../../../../arm-none-eabi/lib/thumb/v7-m\libg_nano.a(lib_a-nano-svfprintf.o)
 .rodata.__ssvfscanf_r.str1.1
                0x08004a85        0x4 c:/program files (x86)/gcc-arm-none-eabi-6-2017-q2-update-win32/bin/../lib/gcc/arm-none-eabi/6.3.1/../../../../arm-none-eabi/lib/thumb/v7-m\libg_nano.a(lib_a-nano-svfscanf.o)
 .rodata._printf_i.str1.1
                0x08004a85       0x22 c:/program files (x86)/gcc-arm-none-eabi-6-2017-q2-update-win32/bin/../lib/gcc/arm-none-eabi/6.3.1/../../../../arm-none-eabi/lib/thumb/v7-m\libg_nano.a(lib_a-nano-vfprintf_i.o)
 *fill*         0x08004aa7        0x1 
 .rodata        0x08004aa8        0xc c:/program files (x86)/gcc-arm-none-eabi-6-2017-q2-update-win32/bin/../lib/gcc/arm-none-eabi/6.3.1/../../../../arm-none-eabi/lib/thumb/v7-m\libg_nano.a(lib_a-nano-vfscanf_i.o)
 .rodata._scanf_i.str1.1
                0x08004ab4       0x12 c:/program files (x86)/gcc-arm-none-eabi-6-2017-q2-update-win32/bin/../lib/gcc/arm-none-eabi/6.3.1/../../../../arm-none-eabi/lib/thumb/v7-m\libg_nano.a(lib_a-nano-vfscanf_i.o)
 .rodata.str1.1
                0x08004ac6        0x9 c:/program files (x86)/gcc-arm-none-eabi-6-2017-q2-update-win32/bin/../lib/gcc/arm-none-eabi/6.3.1/../../../../arm-none-eabi/lib/thumb/v7-m\libg_nano.a(lib_a-nano-vfscanf_i.o)
 *fill*         0x08004acf        0x1 
 .rodata.__sf_fake_stderr
                0x08004ad0       0x20 c:/program files (x86)/gcc-arm-none-eabi-6-2017-q2-update-win32/bin/../lib/gcc/arm-none-eabi/6.3.1/../../../../arm-none-eabi/lib/thumb/v7-m\libg_nano.a(lib_a-findfp.o)
                0x08004ad0                __sf_fake_stderr
 .rodata.__sf_fake_stdin
                0x08004af0       0x20 c:/program files (x86)/gcc-arm-none-eabi-6-2017-q2-update-win32/bin/../lib/gcc/arm-none-eabi/6.3.1/../../../../arm-none-eabi/lib/thumb/v7-m\libg_nano.a(lib_a-findfp.o)
                0x08004af0                __sf_fake_stdin
 .rodata.__sf_fake_stdout
                0x08004b10       0x20 c:/program files (x86)/gcc-arm-none-eabi-6-2017-q2-update-win32/bin/../lib/gcc/arm-none-eabi/6.3.1/../../../../arm-none-eabi/lib/thumb/v7-m\libg_nano.a(lib_a-findfp.o)
                0x08004b10                __sf_fake_stdout
 .rodata._setlocale_r.str1.1
                0x08004b30        0x8 c:/program files (x86)/gcc-arm-none-eabi-6-2017-q2-update-win32/bin/../lib/gcc/arm-none-eabi/6.3.1/../../../../arm-none-eabi/lib/thumb/v7-m\libg_nano.a(lib_a-locale.o)
                                  0x9 (size before relaxing)
 .rodata.str1.1
                0x08004b38        0x2 c:/program files (x86)/gcc-arm-none-eabi-6-2017-q2-update-win32/bin/../lib/gcc/arm-none-eabi/6.3.1/../../../../arm-none-eabi/lib/thumb/v7-m\libg_nano.a(lib_a-locale.o)
 .rodata._ctype_
                0x08004b3a      0x101 c:/program files (x86)/gcc-arm-none-eabi-6-2017-q2-update-win32/bin/../lib/gcc/arm-none-eabi/6.3.1/../../../../arm-none-eabi/lib/thumb/v7-m\libg_nano.a(lib_a-ctype_.o)
                0x08004b3a                _ctype_
 *(vtable)
 *(.eh_frame*)
 *(.glue_7)
 .glue_7        0x08004c3b        0x0 linker stubs
 *(.glue_7t)
 .glue_7t       0x08004c3b        0x0 linker stubs

.vfp11_veneer   0x08004c3c        0x0
 .vfp11_veneer  0x08004c3c        0x0 linker stubs

.v4_bx          0x08004c3c        0x0
 .v4_bx         0x08004c3c        0x0 linker stubs

.iplt           0x08004c3c        0x0
 .iplt          0x08004c3c        0x0 ./system/src/stm32f1-stdperiph/misc.o

.rel.dyn        0x08004c3c        0x0
 .rel.iplt      0x08004c3c        0x0 ./system/src/stm32f1-stdperiph/misc.o

.ARM.extab
 *(.ARM.extab* .gnu.linkonce.armextab.*)
                0x08004c3c                . = ALIGN (0x4)
                0x08004c3c                __exidx_start = .

.ARM.exidx
 *(.ARM.exidx* .gnu.linkonce.armexidx.*)
                0x08004c3c                __exidx_end = .
                0x08004c3c                . = ALIGN (0x4)
                0x08004c3c                _etext = .
                0x08004c3c                __etext = .

.data_CCMRAM    0x00000000        0x0 load address 0x08004c3c
 FILL mask 0xff
 *(.data.CCMRAM .data.CCMRAM.*)
                0x00000000                . = ALIGN (0x4)
                0x08004c3c                _sidata = LOADADDR (.data)

.data           0x20000000      0x21c load address 0x08004c3c
 FILL mask 0xff
                0x20000000                _sdata = .
                0x20000000                __data_start__ = .
 *(.data_begin .data_begin.*)
 .data_begin    0x20000000        0x4 ./system/src/newlib/_startup.o
 *(.data .data.*)
 .data.ADCPrescTable
                0x20000004        0x4 ./system/src/stm32f1-stdperiph/stm32f10x_rcc.o
 .data.APBAHBPrescTable
                0x20000008       0x10 ./system/src/stm32f1-stdperiph/stm32f10x_rcc.o
 .data.argv.4263
                0x20000018        0x8 ./system/src/newlib/_syscalls.o
 .data.AHBPrescTable
                0x20000020       0x10 ./system/src/cmsis/system_stm32f10x.o
                0x20000020                AHBPrescTable
 .data.SystemCoreClock
                0x20000030        0x4 ./system/src/cmsis/system_stm32f10x.o
                0x20000030                SystemCoreClock
 .data.lora_default_para
                0x20000034        0x3 ./src/LoRa.o
                0x20000034                lora_default_para
 *fill*         0x20000037        0x1 ff
 .data.lora_write_para_save
                0x20000038        0x6 ./src/LoRa.o
                0x20000038                lora_write_para_save
 .data.block_size_clear
                0x2000003e        0x1 ./src/main.o
                0x2000003e                block_size_clear
 *fill*         0x2000003f        0x1 ff
 .data.W25X_ID  0x20000040        0x2 ./src/w25qxx.o
                0x20000040                W25X_ID
 .data.page_size
                0x20000042        0x2 ./src/w25qxx.o
                0x20000042                page_size
 .data.sector_size
                0x20000044        0x2 ./src/w25qxx.o
                0x20000044                sector_size
 *fill*         0x20000046        0x2 ff
 .data._impure_ptr
                0x20000048        0x4 c:/program files (x86)/gcc-arm-none-eabi-6-2017-q2-update-win32/bin/../lib/gcc/arm-none-eabi/6.3.1/../../../../arm-none-eabi/lib/thumb/v7-m\libg_nano.a(lib_a-impure.o)
                0x20000048                _impure_ptr
 .data.impure_data
                0x2000004c       0x60 c:/program files (x86)/gcc-arm-none-eabi-6-2017-q2-update-win32/bin/../lib/gcc/arm-none-eabi/6.3.1/../../../../arm-none-eabi/lib/thumb/v7-m\libg_nano.a(lib_a-impure.o)
 .data.__global_locale
                0x200000ac      0x16c c:/program files (x86)/gcc-arm-none-eabi-6-2017-q2-update-win32/bin/../lib/gcc/arm-none-eabi/6.3.1/../../../../arm-none-eabi/lib/thumb/v7-m\libg_nano.a(lib_a-locale.o)
                0x200000ac                __global_locale
 *(.data_end .data_end.*)
 .data_end      0x20000218        0x4 ./system/src/newlib/_startup.o
                0x2000021c                . = ALIGN (0x4)
                0x2000021c                _edata = .
                0x2000021c                __data_end__ = .

.igot.plt       0x2000021c        0x0 load address 0x08004e58
 .igot.plt      0x2000021c        0x0 ./system/src/stm32f1-stdperiph/misc.o

.bss_CCMRAM     0x00000000        0x0
 *(.bss.CCMRAM .bss.CCMRAM.*)

.bss            0x2000021c     0x34dc
                0x2000021c                __bss_start__ = .
                0x2000021c                _sbss = .
 *(.bss_begin .bss_begin.*)
 .bss_begin     0x2000021c        0x4 ./system/src/newlib/_startup.o
 *(.bss .bss.*)
 .bss.current_heap_end.3947
                0x20000220        0x4 ./system/src/newlib/_sbrk.o
 .bss.name.4262
                0x20000224        0x1 ./system/src/newlib/_syscalls.o
 *fill*         0x20000225        0x3 
 .bss.buf.5152  0x20000228       0x80 ./system/src/diag/Trace.o
 .bss.datablock
                0x200002a8        0x2 ./src/kx122.o
                0x200002a8                datablock
 .bss.flag_buff
                0x200002aa        0x1 ./src/kx122.o
                0x200002aa                flag_buff
 *fill*         0x200002ab        0x1 
 .bss.i.6859    0x200002ac        0x2 ./src/kx122.o
 .bss.memflag   0x200002ae        0x1 ./src/mymalloc.o
 *fill*         0x200002af        0x1 
 .bss.__malloc_free_list
                0x200002b0        0x4 c:/program files (x86)/gcc-arm-none-eabi-6-2017-q2-update-win32/bin/../lib/gcc/arm-none-eabi/6.3.1/../../../../arm-none-eabi/lib/thumb/v7-m\libg_nano.a(lib_a-nano-mallocr.o)
                0x200002b0                __malloc_free_list
 .bss.__malloc_sbrk_start
                0x200002b4        0x4 c:/program files (x86)/gcc-arm-none-eabi-6-2017-q2-update-win32/bin/../lib/gcc/arm-none-eabi/6.3.1/../../../../arm-none-eabi/lib/thumb/v7-m\libg_nano.a(lib_a-nano-mallocr.o)
                0x200002b4                __malloc_sbrk_start
 *(COMMON)
 COMMON         0x200002b8        0x4 ./system/src/newlib/_syscalls.o
                0x200002b8                errno
 COMMON         0x200002bc     0x1b31 ./src/LoRa.o
                0x200002bc                lora_rec_data
                0x200002c4                USART_RX_BUFF1
                0x200003c4                USART_RX_STA2
                0x200003c8                command
                0x200005d4                membase
                0x20001dd4                check_head
                0x20001dd8                memmap
                0x20001dde                USART_RX_STA1
                0x20001de0                lora_cfg
 *fill*         0x20001ded        0x3 
 COMMON         0x20001df0        0x4 ./src/Timer.o
                0x20001df0                timer_delayCount
 COMMON         0x20001df4        0x2 ./src/command.o
                0x20001df4                i
 COMMON         0x20001df6        0x1 ./src/config.o
                0x20001df6                HSEStartUpStates
 *fill*         0x20001df7        0x1 
 COMMON         0x20001df8      0x7fc ./src/kx122.o
                0x20001df8                pBuffer_a
                0x200021f4                readsize
                0x200021f8                pBuffer_b
 COMMON         0x200025f4      0x100 ./src/usart.o
                0x200025f4                UART_BUF
 COMMON         0x200026f4     0x1000 ./src/w25qxx.o
                0x200026f4                W25qxx_Buffer
 *(.bss_end .bss_end.*)
 .bss_end       0x200036f4        0x4 ./system/src/newlib/_startup.o
                0x200036f8                . = ALIGN (0x4)
                0x200036f8                __bss_end__ = .
                0x200036f8                _ebss = .

.noinit_CCMRAM
 *(.noinit.CCMRAM .noinit.CCMRAM.*)

.noinit         0x200036f8        0x0
                0x200036f8                _noinit = .
 *(.noinit .noinit.*)
                0x200036f8                . = ALIGN (0x4)
                0x200036f8                _end_noinit = .
                [!provide]                PROVIDE (end, _end_noinit)
                [!provide]                PROVIDE (_end, _end_noinit)
                [!provide]                PROVIDE (__end, _end_noinit)
                [!provide]                PROVIDE (__end__, _end_noinit)

._check_stack   0x200036f8      0x100
                0x200037f8                . = (. + _Minimum_Stack_Size)
 *fill*         0x200036f8      0x100 

.b1text
 *(.b1text)
 *(.b1rodata)
 *(.b1rodata.*)

.eb0text
 *(.eb0text)
 *(.eb0rodata)
 *(.eb0rodata.*)

.eb1text
 *(.eb1text)
 *(.eb1rodata)
 *(.eb1rodata.*)

.eb2text
 *(.eb2text)
 *(.eb2rodata)
 *(.eb2rodata.*)

.eb3text
 *(.eb3text)
 *(.eb3rodata)
 *(.eb3rodata.*)

.stab
 *(.stab)

.stabstr
 *(.stabstr)

.stab.excl
 *(.stab.excl)

.stab.exclstr
 *(.stab.exclstr)

.stab.index
 *(.stab.index)

.stab.indexstr
 *(.stab.indexstr)

.comment        0x00000000       0x7f
 *(.comment)
 .comment       0x00000000       0x7f ./system/src/stm32f1-stdperiph/misc.o
                                 0x80 (size before relaxing)
 .comment       0x0000007f       0x80 ./system/src/stm32f1-stdperiph/stm32f10x_dma.o
 .comment       0x0000007f       0x80 ./system/src/stm32f1-stdperiph/stm32f10x_exti.o
 .comment       0x0000007f       0x80 ./system/src/stm32f1-stdperiph/stm32f10x_gpio.o
 .comment       0x0000007f       0x80 ./system/src/stm32f1-stdperiph/stm32f10x_rcc.o
 .comment       0x0000007f       0x80 ./system/src/stm32f1-stdperiph/stm32f10x_spi.o
 .comment       0x0000007f       0x80 ./system/src/stm32f1-stdperiph/stm32f10x_usart.o
 .comment       0x0000007f       0x80 ./system/src/newlib/_exit.o
 .comment       0x0000007f       0x80 ./system/src/newlib/_sbrk.o
 .comment       0x0000007f       0x80 ./system/src/newlib/_startup.o
 .comment       0x0000007f       0x80 ./system/src/newlib/_syscalls.o
 .comment       0x0000007f       0x80 ./system/src/newlib/assert.o
 .comment       0x0000007f       0x80 ./system/src/diag/Trace.o
 .comment       0x0000007f       0x80 ./system/src/diag/trace_impl.o
 .comment       0x0000007f       0x80 ./system/src/cortexm/_initialize_hardware.o
 .comment       0x0000007f       0x80 ./system/src/cortexm/exception_handlers.o
 .comment       0x0000007f       0x80 ./system/src/cmsis/system_stm32f10x.o
 .comment       0x0000007f       0x80 ./system/src/cmsis/vectors_stm32f10x.o
 .comment       0x0000007f       0x80 ./src/LoRa.o
 .comment       0x0000007f       0x80 ./src/SPI.o
 .comment       0x0000007f       0x80 ./src/Timer.o
 .comment       0x0000007f       0x80 ./src/command.o
 .comment       0x0000007f       0x80 ./src/config.o
 .comment       0x0000007f       0x80 ./src/kx122.o
 .comment       0x0000007f       0x80 ./src/main.o
 .comment       0x0000007f       0x80 ./src/mymalloc.o
 .comment       0x0000007f       0x80 ./src/usart.o
 .comment       0x0000007f       0x80 ./src/w25qxx.o

.ARM.attributes
                0x00000000       0x31
 .ARM.attributes
                0x00000000       0x31 ./system/src/stm32f1-stdperiph/misc.o
 .ARM.attributes
                0x00000031       0x31 ./system/src/stm32f1-stdperiph/stm32f10x_dma.o
 .ARM.attributes
                0x00000062       0x31 ./system/src/stm32f1-stdperiph/stm32f10x_exti.o
 .ARM.attributes
                0x00000093       0x31 ./system/src/stm32f1-stdperiph/stm32f10x_gpio.o
 .ARM.attributes
                0x000000c4       0x31 ./system/src/stm32f1-stdperiph/stm32f10x_rcc.o
 .ARM.attributes
                0x000000f5       0x31 ./system/src/stm32f1-stdperiph/stm32f10x_spi.o
 .ARM.attributes
                0x00000126       0x31 ./system/src/stm32f1-stdperiph/stm32f10x_usart.o
 .ARM.attributes
                0x00000157       0x31 ./system/src/newlib/_exit.o
 .ARM.attributes
                0x00000188       0x31 ./system/src/newlib/_sbrk.o
 .ARM.attributes
                0x000001b9       0x31 ./system/src/newlib/_startup.o
 .ARM.attributes
                0x000001ea       0x31 ./system/src/newlib/_syscalls.o
 .ARM.attributes
                0x0000021b       0x31 ./system/src/newlib/assert.o
 .ARM.attributes
                0x0000024c       0x31 ./system/src/diag/Trace.o
 .ARM.attributes
                0x0000027d       0x31 ./system/src/diag/trace_impl.o
 .ARM.attributes
                0x000002ae       0x31 ./system/src/cortexm/_initialize_hardware.o
 .ARM.attributes
                0x000002df       0x31 ./system/src/cortexm/exception_handlers.o
 .ARM.attributes
                0x00000310       0x31 ./system/src/cmsis/system_stm32f10x.o
 .ARM.attributes
                0x00000341       0x31 ./system/src/cmsis/vectors_stm32f10x.o
 .ARM.attributes
                0x00000372       0x31 ./src/LoRa.o
 .ARM.attributes
                0x000003a3       0x31 ./src/SPI.o
 .ARM.attributes
                0x000003d4       0x31 ./src/Timer.o
 .ARM.attributes
                0x00000405       0x31 ./src/command.o
 .ARM.attributes
                0x00000436       0x31 ./src/config.o
 .ARM.attributes
                0x00000467       0x31 ./src/kx122.o
 .ARM.attributes
                0x00000498       0x31 ./src/main.o
 .ARM.attributes
                0x000004c9       0x31 ./src/mymalloc.o
 .ARM.attributes
                0x000004fa       0x31 ./src/usart.o
 .ARM.attributes
                0x0000052b       0x31 ./src/w25qxx.o
 .ARM.attributes
                0x0000055c       0x2d c:/program files (x86)/gcc-arm-none-eabi-6-2017-q2-update-win32/bin/../lib/gcc/arm-none-eabi/6.3.1/../../../../arm-none-eabi/lib/thumb/v7-m\libg_nano.a(lib_a-errno.o)
 .ARM.attributes
                0x00000589       0x2d c:/program files (x86)/gcc-arm-none-eabi-6-2017-q2-update-win32/bin/../lib/gcc/arm-none-eabi/6.3.1/../../../../arm-none-eabi/lib/thumb/v7-m\libg_nano.a(lib_a-impure.o)
 .ARM.attributes
                0x000005b6       0x2d c:/program files (x86)/gcc-arm-none-eabi-6-2017-q2-update-win32/bin/../lib/gcc/arm-none-eabi/6.3.1/../../../../arm-none-eabi/lib/thumb/v7-m\libg_nano.a(lib_a-memcpy-stub.o)
 .ARM.attributes
                0x000005e3       0x2d c:/program files (x86)/gcc-arm-none-eabi-6-2017-q2-update-win32/bin/../lib/gcc/arm-none-eabi/6.3.1/../../../../arm-none-eabi/lib/thumb/v7-m\libg_nano.a(lib_a-sscanf.o)
 .ARM.attributes
                0x00000610       0x2d c:/program files (x86)/gcc-arm-none-eabi-6-2017-q2-update-win32/bin/../lib/gcc/arm-none-eabi/6.3.1/../../../../arm-none-eabi/lib/thumb/v7-m\libg_nano.a(lib_a-stdio.o)
 .ARM.attributes
                0x0000063d       0x17 c:/program files (x86)/gcc-arm-none-eabi-6-2017-q2-update-win32/bin/../lib/gcc/arm-none-eabi/6.3.1/../../../../arm-none-eabi/lib/thumb/v7-m\libg_nano.a(lib_a-strlen.o)
 .ARM.attributes
                0x00000654       0x2d c:/program files (x86)/gcc-arm-none-eabi-6-2017-q2-update-win32/bin/../lib/gcc/arm-none-eabi/6.3.1/../../../../arm-none-eabi/lib/thumb/v7-m\libg_nano.a(lib_a-strstr.o)
 .ARM.attributes
                0x00000681       0x2d c:/program files (x86)/gcc-arm-none-eabi-6-2017-q2-update-win32/bin/../lib/gcc/arm-none-eabi/6.3.1/../../../../arm-none-eabi/lib/thumb/v7-m\libg_nano.a(lib_a-vsnprintf.o)
 .ARM.attributes
                0x000006ae       0x2d c:/program files (x86)/gcc-arm-none-eabi-6-2017-q2-update-win32/bin/../lib/gcc/arm-none-eabi/6.3.1/../../../../arm-none-eabi/lib/thumb/v7-m\libg_nano.a(lib_a-nano-svfprintf.o)
 .ARM.attributes
                0x000006db       0x2d c:/program files (x86)/gcc-arm-none-eabi-6-2017-q2-update-win32/bin/../lib/gcc/arm-none-eabi/6.3.1/../../../../arm-none-eabi/lib/thumb/v7-m\libg_nano.a(lib_a-nano-svfscanf.o)
 .ARM.attributes
                0x00000708       0x2d c:/program files (x86)/gcc-arm-none-eabi-6-2017-q2-update-win32/bin/../lib/gcc/arm-none-eabi/6.3.1/../../../../arm-none-eabi/lib/thumb/v7-m\libg_nano.a(lib_a-nano-vfprintf_i.o)
 .ARM.attributes
                0x00000735       0x2d c:/program files (x86)/gcc-arm-none-eabi-6-2017-q2-update-win32/bin/../lib/gcc/arm-none-eabi/6.3.1/../../../../arm-none-eabi/lib/thumb/v7-m\libg_nano.a(lib_a-nano-vfscanf_i.o)
 .ARM.attributes
                0x00000762       0x2d c:/program files (x86)/gcc-arm-none-eabi-6-2017-q2-update-win32/bin/../lib/gcc/arm-none-eabi/6.3.1/../../../../arm-none-eabi/lib/thumb/v7-m\libg_nano.a(lib_a-sccl.o)
 .ARM.attributes
                0x0000078f       0x2d c:/program files (x86)/gcc-arm-none-eabi-6-2017-q2-update-win32/bin/../lib/gcc/arm-none-eabi/6.3.1/../../../../arm-none-eabi/lib/thumb/v7-m\libg_nano.a(lib_a-strtol.o)
 .ARM.attributes
                0x000007bc       0x2d c:/program files (x86)/gcc-arm-none-eabi-6-2017-q2-update-win32/bin/../lib/gcc/arm-none-eabi/6.3.1/../../../../arm-none-eabi/lib/thumb/v7-m\libg_nano.a(lib_a-strtoul.o)
 .ARM.attributes
                0x000007e9       0x2d c:/program files (x86)/gcc-arm-none-eabi-6-2017-q2-update-win32/bin/../lib/gcc/arm-none-eabi/6.3.1/../../../../arm-none-eabi/lib/thumb/v7-m\libg_nano.a(lib_a-ungetc.o)
 .ARM.attributes
                0x00000816       0x2d c:/program files (x86)/gcc-arm-none-eabi-6-2017-q2-update-win32/bin/../lib/gcc/arm-none-eabi/6.3.1/../../../../arm-none-eabi/lib/thumb/v7-m\libg_nano.a(lib_a-findfp.o)
 .ARM.attributes
                0x00000843       0x2d c:/program files (x86)/gcc-arm-none-eabi-6-2017-q2-update-win32/bin/../lib/gcc/arm-none-eabi/6.3.1/../../../../arm-none-eabi/lib/thumb/v7-m\libg_nano.a(lib_a-locale.o)
 .ARM.attributes
                0x00000870       0x2d c:/program files (x86)/gcc-arm-none-eabi-6-2017-q2-update-win32/bin/../lib/gcc/arm-none-eabi/6.3.1/../../../../arm-none-eabi/lib/thumb/v7-m\libg_nano.a(lib_a-mbtowc_r.o)
 .ARM.attributes
                0x0000089d       0x2d c:/program files (x86)/gcc-arm-none-eabi-6-2017-q2-update-win32/bin/../lib/gcc/arm-none-eabi/6.3.1/../../../../arm-none-eabi/lib/thumb/v7-m\libg_nano.a(lib_a-memchr-stub.o)
 .ARM.attributes
                0x000008ca       0x2d c:/program files (x86)/gcc-arm-none-eabi-6-2017-q2-update-win32/bin/../lib/gcc/arm-none-eabi/6.3.1/../../../../arm-none-eabi/lib/thumb/v7-m\libg_nano.a(lib_a-memmove.o)
 .ARM.attributes
                0x000008f7       0x2d c:/program files (x86)/gcc-arm-none-eabi-6-2017-q2-update-win32/bin/../lib/gcc/arm-none-eabi/6.3.1/../../../../arm-none-eabi/lib/thumb/v7-m\libg_nano.a(lib_a-nano-freer.o)
 .ARM.attributes
                0x00000924       0x2d c:/program files (x86)/gcc-arm-none-eabi-6-2017-q2-update-win32/bin/../lib/gcc/arm-none-eabi/6.3.1/../../../../arm-none-eabi/lib/thumb/v7-m\libg_nano.a(lib_a-nano-mallocr.o)
 .ARM.attributes
                0x00000951       0x2d c:/program files (x86)/gcc-arm-none-eabi-6-2017-q2-update-win32/bin/../lib/gcc/arm-none-eabi/6.3.1/../../../../arm-none-eabi/lib/thumb/v7-m\libg_nano.a(lib_a-nano-reallocr.o)
 .ARM.attributes
                0x0000097e       0x2d c:/program files (x86)/gcc-arm-none-eabi-6-2017-q2-update-win32/bin/../lib/gcc/arm-none-eabi/6.3.1/../../../../arm-none-eabi/lib/thumb/v7-m\libg_nano.a(lib_a-sbrkr.o)
 .ARM.attributes
                0x000009ab       0x2d c:/program files (x86)/gcc-arm-none-eabi-6-2017-q2-update-win32/bin/../lib/gcc/arm-none-eabi/6.3.1/../../../../arm-none-eabi/lib/thumb/v7-m\libg_nano.a(lib_a-wctomb_r.o)
 .ARM.attributes
                0x000009d8       0x2d c:/program files (x86)/gcc-arm-none-eabi-6-2017-q2-update-win32/bin/../lib/gcc/arm-none-eabi/6.3.1/../../../../arm-none-eabi/lib/thumb/v7-m\libg_nano.a(lib_a-ctype_.o)
 .ARM.attributes
                0x00000a05       0x2d c:/program files (x86)/gcc-arm-none-eabi-6-2017-q2-update-win32/bin/../lib/gcc/arm-none-eabi/6.3.1/../../../../arm-none-eabi/lib/thumb/v7-m\libg_nano.a(lib_a-mlock.o)
 .ARM.attributes
                0x00000a32       0x2d c:/program files (x86)/gcc-arm-none-eabi-6-2017-q2-update-win32/bin/../lib/gcc/arm-none-eabi/6.3.1/../../../../arm-none-eabi/lib/thumb/v7-m\libg_nano.a(lib_a-nano-msizer.o)

.debug
 *(.debug)

.line
 *(.line)

.debug_srcinfo
 *(.debug_srcinfo)

.debug_sfnames
 *(.debug_sfnames)

.debug_aranges  0x00000000      0xa60
 *(.debug_aranges)
 .debug_aranges
                0x00000000       0x40 ./system/src/stm32f1-stdperiph/misc.o
 .debug_aranges
                0x00000040       0x70 ./system/src/stm32f1-stdperiph/stm32f10x_dma.o
 .debug_aranges
                0x000000b0       0x58 ./system/src/stm32f1-stdperiph/stm32f10x_exti.o
 .debug_aranges
                0x00000108       0xa8 ./system/src/stm32f1-stdperiph/stm32f10x_gpio.o
 .debug_aranges
                0x000001b0      0x118 ./system/src/stm32f1-stdperiph/stm32f10x_rcc.o
 .debug_aranges
                0x000002c8       0xd0 ./system/src/stm32f1-stdperiph/stm32f10x_spi.o
 .debug_aranges
                0x00000398      0x100 ./system/src/stm32f1-stdperiph/stm32f10x_usart.o
 .debug_aranges
                0x00000498       0x28 ./system/src/newlib/_exit.o
 .debug_aranges
                0x000004c0       0x20 ./system/src/newlib/_sbrk.o
 .debug_aranges
                0x000004e0       0x40 ./system/src/newlib/_startup.o
 .debug_aranges
                0x00000520       0x30 ./system/src/newlib/_syscalls.o
 .debug_aranges
                0x00000550       0x28 ./system/src/newlib/assert.o
 .debug_aranges
                0x00000578       0x38 ./system/src/diag/Trace.o
 .debug_aranges
                0x000005b0       0x30 ./system/src/diag/trace_impl.o
 .debug_aranges
                0x000005e0       0x28 ./system/src/cortexm/_initialize_hardware.o
 .debug_aranges
                0x00000608       0x90 ./system/src/cortexm/exception_handlers.o
 .debug_aranges
                0x00000698       0x38 ./system/src/cmsis/system_stm32f10x.o
 .debug_aranges
                0x000006d0       0x20 ./system/src/cmsis/vectors_stm32f10x.o
 .debug_aranges
                0x000006f0       0x60 ./src/LoRa.o
 .debug_aranges
                0x00000750       0x48 ./src/SPI.o
 .debug_aranges
                0x00000798       0x38 ./src/Timer.o
 .debug_aranges
                0x000007d0       0x40 ./src/command.o
 .debug_aranges
                0x00000810       0x28 ./src/config.o
 .debug_aranges
                0x00000838       0xa0 ./src/kx122.o
 .debug_aranges
                0x000008d8       0x20 ./src/main.o
 .debug_aranges
                0x000008f8       0x60 ./src/mymalloc.o
 .debug_aranges
                0x00000958       0x50 ./src/usart.o
 .debug_aranges
                0x000009a8       0xb8 ./src/w25qxx.o

.debug_pubnames
 *(.debug_pubnames)

.debug_info     0x00000000    0x11984
 *(.debug_info .gnu.linkonce.wi.*)
 .debug_info    0x00000000      0x63a ./system/src/stm32f1-stdperiph/misc.o
 .debug_info    0x0000063a      0x6f7 ./system/src/stm32f1-stdperiph/stm32f10x_dma.o
 .debug_info    0x00000d31      0x465 ./system/src/stm32f1-stdperiph/stm32f10x_exti.o
 .debug_info    0x00001196      0xbd6 ./system/src/stm32f1-stdperiph/stm32f10x_gpio.o
 .debug_info    0x00001d6c      0xc7b ./system/src/stm32f1-stdperiph/stm32f10x_rcc.o
 .debug_info    0x000029e7      0xfa9 ./system/src/stm32f1-stdperiph/stm32f10x_spi.o
 .debug_info    0x00003990     0x128b ./system/src/stm32f1-stdperiph/stm32f10x_usart.o
 .debug_info    0x00004c1b      0x95d ./system/src/newlib/_exit.o
 .debug_info    0x00005578      0x949 ./system/src/newlib/_sbrk.o
 .debug_info    0x00005ec1      0x435 ./system/src/newlib/_startup.o
 .debug_info    0x000062f6      0xa20 ./system/src/newlib/_syscalls.o
 .debug_info    0x00006d16      0xa06 ./system/src/newlib/assert.o
 .debug_info    0x0000771c      0xb31 ./system/src/diag/Trace.o
 .debug_info    0x0000824d      0x36d ./system/src/diag/trace_impl.o
 .debug_info    0x000085ba      0x2bc ./system/src/cortexm/_initialize_hardware.o
 .debug_info    0x00008876     0x1146 ./system/src/cortexm/exception_handlers.o
 .debug_info    0x000099bc      0x49a ./system/src/cmsis/system_stm32f10x.o
 .debug_info    0x00009e56       0xd1 ./system/src/cmsis/vectors_stm32f10x.o
 .debug_info    0x00009f27     0x14e6 ./src/LoRa.o
 .debug_info    0x0000b40d      0x7eb ./src/SPI.o
 .debug_info    0x0000bbf8      0x626 ./src/Timer.o
 .debug_info    0x0000c21e      0xea3 ./src/command.o
 .debug_info    0x0000d0c1      0x2a8 ./src/config.o
 .debug_info    0x0000d369     0x106b ./src/kx122.o
 .debug_info    0x0000e3d4      0xcdb ./src/main.o
 .debug_info    0x0000f0af      0x441 ./src/mymalloc.o
 .debug_info    0x0000f4f0     0x14d6 ./src/usart.o
 .debug_info    0x000109c6      0xfbe ./src/w25qxx.o

.debug_abbrev   0x00000000     0x385e
 *(.debug_abbrev)
 .debug_abbrev  0x00000000      0x192 ./system/src/stm32f1-stdperiph/misc.o
 .debug_abbrev  0x00000192      0x1b1 ./system/src/stm32f1-stdperiph/stm32f10x_dma.o
 .debug_abbrev  0x00000343      0x1af ./system/src/stm32f1-stdperiph/stm32f10x_exti.o
 .debug_abbrev  0x000004f2      0x205 ./system/src/stm32f1-stdperiph/stm32f10x_gpio.o
 .debug_abbrev  0x000006f7      0x209 ./system/src/stm32f1-stdperiph/stm32f10x_rcc.o
 .debug_abbrev  0x00000900      0x1e0 ./system/src/stm32f1-stdperiph/stm32f10x_spi.o
 .debug_abbrev  0x00000ae0      0x1de ./system/src/stm32f1-stdperiph/stm32f10x_usart.o
 .debug_abbrev  0x00000cbe      0x1f3 ./system/src/newlib/_exit.o
 .debug_abbrev  0x00000eb1      0x1fc ./system/src/newlib/_sbrk.o
 .debug_abbrev  0x000010ad      0x1b3 ./system/src/newlib/_startup.o
 .debug_abbrev  0x00001260      0x234 ./system/src/newlib/_syscalls.o
 .debug_abbrev  0x00001494      0x1f3 ./system/src/newlib/assert.o
 .debug_abbrev  0x00001687      0x276 ./system/src/diag/Trace.o
 .debug_abbrev  0x000018fd      0x1e2 ./system/src/diag/trace_impl.o
 .debug_abbrev  0x00001adf       0xea ./system/src/cortexm/_initialize_hardware.o
 .debug_abbrev  0x00001bc9      0x329 ./system/src/cortexm/exception_handlers.o
 .debug_abbrev  0x00001ef2      0x175 ./system/src/cmsis/system_stm32f10x.o
 .debug_abbrev  0x00002067       0x9d ./system/src/cmsis/vectors_stm32f10x.o
 .debug_abbrev  0x00002104      0x32c ./src/LoRa.o
 .debug_abbrev  0x00002430      0x1b3 ./src/SPI.o
 .debug_abbrev  0x000025e3      0x1ba ./src/Timer.o
 .debug_abbrev  0x0000279d      0x2cd ./src/command.o
 .debug_abbrev  0x00002a6a      0x125 ./src/config.o
 .debug_abbrev  0x00002b8f      0x33a ./src/kx122.o
 .debug_abbrev  0x00002ec9      0x229 ./src/main.o
 .debug_abbrev  0x000030f2      0x1d3 ./src/mymalloc.o
 .debug_abbrev  0x000032c5      0x2f6 ./src/usart.o
 .debug_abbrev  0x000035bb      0x2a3 ./src/w25qxx.o

.debug_line     0x00000000     0x9ce5
 *(.debug_line)
 .debug_line    0x00000000      0x414 ./system/src/stm32f1-stdperiph/misc.o
 .debug_line    0x00000414      0x877 ./system/src/stm32f1-stdperiph/stm32f10x_dma.o
 .debug_line    0x00000c8b      0x51b ./system/src/stm32f1-stdperiph/stm32f10x_exti.o
 .debug_line    0x000011a6      0x8f5 ./system/src/stm32f1-stdperiph/stm32f10x_gpio.o
 .debug_line    0x00001a9b      0x853 ./system/src/stm32f1-stdperiph/stm32f10x_rcc.o
 .debug_line    0x000022ee      0x89c ./system/src/stm32f1-stdperiph/stm32f10x_spi.o
 .debug_line    0x00002b8a      0xaef ./system/src/stm32f1-stdperiph/stm32f10x_usart.o
 .debug_line    0x00003679      0x36c ./system/src/newlib/_exit.o
 .debug_line    0x000039e5      0x320 ./system/src/newlib/_sbrk.o
 .debug_line    0x00003d05      0x3da ./system/src/newlib/_startup.o
 .debug_line    0x000040df      0x43f ./system/src/newlib/_syscalls.o
 .debug_line    0x0000451e      0x3a7 ./system/src/newlib/assert.o
 .debug_line    0x000048c5      0x3da ./system/src/diag/Trace.o
 .debug_line    0x00004c9f      0x652 ./system/src/diag/trace_impl.o
 .debug_line    0x000052f1      0x37a ./system/src/cortexm/_initialize_hardware.o
 .debug_line    0x0000566b      0x708 ./system/src/cortexm/exception_handlers.o
 .debug_line    0x00005d73      0x3ee ./system/src/cmsis/system_stm32f10x.o
 .debug_line    0x00006161      0x10a ./system/src/cmsis/vectors_stm32f10x.o
 .debug_line    0x0000626b      0x7be ./src/LoRa.o
 .debug_line    0x00006a29      0x404 ./src/SPI.o
 .debug_line    0x00006e2d      0x3cf ./src/Timer.o
 .debug_line    0x000071fc      0x6c5 ./src/command.o
 .debug_line    0x000078c1      0x36d ./src/config.o
 .debug_line    0x00007c2e      0x7c5 ./src/kx122.o
 .debug_line    0x000083f3      0x68f ./src/main.o
 .debug_line    0x00008a82      0x442 ./src/mymalloc.o
 .debug_line    0x00008ec4      0x610 ./src/usart.o
 .debug_line    0x000094d4      0x811 ./src/w25qxx.o

.debug_frame    0x00000000     0x2310
 *(.debug_frame)
 .debug_frame   0x00000000       0x90 ./system/src/stm32f1-stdperiph/misc.o
 .debug_frame   0x00000090      0x120 ./system/src/stm32f1-stdperiph/stm32f10x_dma.o
 .debug_frame   0x000001b0       0xc0 ./system/src/stm32f1-stdperiph/stm32f10x_exti.o
 .debug_frame   0x00000270      0x1e8 ./system/src/stm32f1-stdperiph/stm32f10x_gpio.o
 .debug_frame   0x00000458      0x320 ./system/src/stm32f1-stdperiph/stm32f10x_rcc.o
 .debug_frame   0x00000778      0x27c ./system/src/stm32f1-stdperiph/stm32f10x_spi.o
 .debug_frame   0x000009f4      0x320 ./system/src/stm32f1-stdperiph/stm32f10x_usart.o
 .debug_frame   0x00000d14       0x38 ./system/src/newlib/_exit.o
 .debug_frame   0x00000d4c       0x28 ./system/src/newlib/_sbrk.o
 .debug_frame   0x00000d74       0x7c ./system/src/newlib/_startup.o
 .debug_frame   0x00000df0       0x50 ./system/src/newlib/_syscalls.o
 .debug_frame   0x00000e40       0x40 ./system/src/newlib/assert.o
 .debug_frame   0x00000e80       0x94 ./system/src/diag/Trace.o
 .debug_frame   0x00000f14       0x64 ./system/src/diag/trace_impl.o
 .debug_frame   0x00000f78       0x40 ./system/src/cortexm/_initialize_hardware.o
 .debug_frame   0x00000fb8      0x158 ./system/src/cortexm/exception_handlers.o
 .debug_frame   0x00001110       0x6c ./system/src/cmsis/system_stm32f10x.o
 .debug_frame   0x0000117c       0x20 ./system/src/cmsis/vectors_stm32f10x.o
 .debug_frame   0x0000119c      0x114 ./src/LoRa.o
 .debug_frame   0x000012b0       0xc0 ./src/SPI.o
 .debug_frame   0x00001370       0x58 ./src/Timer.o
 .debug_frame   0x000013c8       0x94 ./src/command.o
 .debug_frame   0x0000145c       0x40 ./src/config.o
 .debug_frame   0x0000149c      0x1cc ./src/kx122.o
 .debug_frame   0x00001668       0x28 ./src/main.o
 .debug_frame   0x00001690       0xd4 ./src/mymalloc.o
 .debug_frame   0x00001764       0xe0 ./src/usart.o
 .debug_frame   0x00001844      0x230 ./src/w25qxx.o
 .debug_frame   0x00001a74       0x20 c:/program files (x86)/gcc-arm-none-eabi-6-2017-q2-update-win32/bin/../lib/gcc/arm-none-eabi/6.3.1/../../../../arm-none-eabi/lib/thumb/v7-m\libg_nano.a(lib_a-errno.o)
 .debug_frame   0x00001a94       0x28 c:/program files (x86)/gcc-arm-none-eabi-6-2017-q2-update-win32/bin/../lib/gcc/arm-none-eabi/6.3.1/../../../../arm-none-eabi/lib/thumb/v7-m\libg_nano.a(lib_a-memcpy-stub.o)
 .debug_frame   0x00001abc       0x80 c:/program files (x86)/gcc-arm-none-eabi-6-2017-q2-update-win32/bin/../lib/gcc/arm-none-eabi/6.3.1/../../../../arm-none-eabi/lib/thumb/v7-m\libg_nano.a(lib_a-sscanf.o)
 .debug_frame   0x00001b3c       0x88 c:/program files (x86)/gcc-arm-none-eabi-6-2017-q2-update-win32/bin/../lib/gcc/arm-none-eabi/6.3.1/../../../../arm-none-eabi/lib/thumb/v7-m\libg_nano.a(lib_a-stdio.o)
 .debug_frame   0x00001bc4       0x30 c:/program files (x86)/gcc-arm-none-eabi-6-2017-q2-update-win32/bin/../lib/gcc/arm-none-eabi/6.3.1/../../../../arm-none-eabi/lib/thumb/v7-m\libg_nano.a(lib_a-strstr.o)
 .debug_frame   0x00001bf4       0x4c c:/program files (x86)/gcc-arm-none-eabi-6-2017-q2-update-win32/bin/../lib/gcc/arm-none-eabi/6.3.1/../../../../arm-none-eabi/lib/thumb/v7-m\libg_nano.a(lib_a-vsnprintf.o)
 .debug_frame   0x00001c40       0x90 c:/program files (x86)/gcc-arm-none-eabi-6-2017-q2-update-win32/bin/../lib/gcc/arm-none-eabi/6.3.1/../../../../arm-none-eabi/lib/thumb/v7-m\libg_nano.a(lib_a-nano-svfprintf.o)
 .debug_frame   0x00001cd0       0x78 c:/program files (x86)/gcc-arm-none-eabi-6-2017-q2-update-win32/bin/../lib/gcc/arm-none-eabi/6.3.1/../../../../arm-none-eabi/lib/thumb/v7-m\libg_nano.a(lib_a-nano-svfscanf.o)
 .debug_frame   0x00001d48       0x60 c:/program files (x86)/gcc-arm-none-eabi-6-2017-q2-update-win32/bin/../lib/gcc/arm-none-eabi/6.3.1/../../../../arm-none-eabi/lib/thumb/v7-m\libg_nano.a(lib_a-nano-vfprintf_i.o)
 .debug_frame   0x00001da8       0x60 c:/program files (x86)/gcc-arm-none-eabi-6-2017-q2-update-win32/bin/../lib/gcc/arm-none-eabi/6.3.1/../../../../arm-none-eabi/lib/thumb/v7-m\libg_nano.a(lib_a-nano-vfscanf_i.o)
 .debug_frame   0x00001e08       0x2c c:/program files (x86)/gcc-arm-none-eabi-6-2017-q2-update-win32/bin/../lib/gcc/arm-none-eabi/6.3.1/../../../../arm-none-eabi/lib/thumb/v7-m\libg_nano.a(lib_a-sccl.o)
 .debug_frame   0x00001e34       0x88 c:/program files (x86)/gcc-arm-none-eabi-6-2017-q2-update-win32/bin/../lib/gcc/arm-none-eabi/6.3.1/../../../../arm-none-eabi/lib/thumb/v7-m\libg_nano.a(lib_a-strtol.o)
 .debug_frame   0x00001ebc       0x84 c:/program files (x86)/gcc-arm-none-eabi-6-2017-q2-update-win32/bin/../lib/gcc/arm-none-eabi/6.3.1/../../../../arm-none-eabi/lib/thumb/v7-m\libg_nano.a(lib_a-strtoul.o)
 .debug_frame   0x00001f40       0x5c c:/program files (x86)/gcc-arm-none-eabi-6-2017-q2-update-win32/bin/../lib/gcc/arm-none-eabi/6.3.1/../../../../arm-none-eabi/lib/thumb/v7-m\libg_nano.a(lib_a-ungetc.o)
 .debug_frame   0x00001f9c      0x11c c:/program files (x86)/gcc-arm-none-eabi-6-2017-q2-update-win32/bin/../lib/gcc/arm-none-eabi/6.3.1/../../../../arm-none-eabi/lib/thumb/v7-m\libg_nano.a(lib_a-findfp.o)
 .debug_frame   0x000020b8       0x68 c:/program files (x86)/gcc-arm-none-eabi-6-2017-q2-update-win32/bin/../lib/gcc/arm-none-eabi/6.3.1/../../../../arm-none-eabi/lib/thumb/v7-m\libg_nano.a(lib_a-locale.o)
 .debug_frame   0x00002120       0x48 c:/program files (x86)/gcc-arm-none-eabi-6-2017-q2-update-win32/bin/../lib/gcc/arm-none-eabi/6.3.1/../../../../arm-none-eabi/lib/thumb/v7-m\libg_nano.a(lib_a-mbtowc_r.o)
 .debug_frame   0x00002168       0x28 c:/program files (x86)/gcc-arm-none-eabi-6-2017-q2-update-win32/bin/../lib/gcc/arm-none-eabi/6.3.1/../../../../arm-none-eabi/lib/thumb/v7-m\libg_nano.a(lib_a-memchr-stub.o)
 .debug_frame   0x00002190       0x28 c:/program files (x86)/gcc-arm-none-eabi-6-2017-q2-update-win32/bin/../lib/gcc/arm-none-eabi/6.3.1/../../../../arm-none-eabi/lib/thumb/v7-m\libg_nano.a(lib_a-memmove.o)
 .debug_frame   0x000021b8       0x38 c:/program files (x86)/gcc-arm-none-eabi-6-2017-q2-update-win32/bin/../lib/gcc/arm-none-eabi/6.3.1/../../../../arm-none-eabi/lib/thumb/v7-m\libg_nano.a(lib_a-nano-freer.o)
 .debug_frame   0x000021f0       0x2c c:/program files (x86)/gcc-arm-none-eabi-6-2017-q2-update-win32/bin/../lib/gcc/arm-none-eabi/6.3.1/../../../../arm-none-eabi/lib/thumb/v7-m\libg_nano.a(lib_a-nano-mallocr.o)
 .debug_frame   0x0000221c       0x3c c:/program files (x86)/gcc-arm-none-eabi-6-2017-q2-update-win32/bin/../lib/gcc/arm-none-eabi/6.3.1/../../../../arm-none-eabi/lib/thumb/v7-m\libg_nano.a(lib_a-nano-reallocr.o)
 .debug_frame   0x00002258       0x2c c:/program files (x86)/gcc-arm-none-eabi-6-2017-q2-update-win32/bin/../lib/gcc/arm-none-eabi/6.3.1/../../../../arm-none-eabi/lib/thumb/v7-m\libg_nano.a(lib_a-sbrkr.o)
 .debug_frame   0x00002284       0x3c c:/program files (x86)/gcc-arm-none-eabi-6-2017-q2-update-win32/bin/../lib/gcc/arm-none-eabi/6.3.1/../../../../arm-none-eabi/lib/thumb/v7-m\libg_nano.a(lib_a-wctomb_r.o)
 .debug_frame   0x000022c0       0x30 c:/program files (x86)/gcc-arm-none-eabi-6-2017-q2-update-win32/bin/../lib/gcc/arm-none-eabi/6.3.1/../../../../arm-none-eabi/lib/thumb/v7-m\libg_nano.a(lib_a-mlock.o)
 .debug_frame   0x000022f0       0x20 c:/program files (x86)/gcc-arm-none-eabi-6-2017-q2-update-win32/bin/../lib/gcc/arm-none-eabi/6.3.1/../../../../arm-none-eabi/lib/thumb/v7-m\libg_nano.a(lib_a-nano-msizer.o)

.debug_str      0x00000000    0x5933e
 *(.debug_str)
 .debug_str     0x00000000    0x4e0de ./system/src/stm32f1-stdperiph/misc.o
                              0x4e262 (size before relaxing)
 .debug_str     0x0004e0de      0x6ef ./system/src/stm32f1-stdperiph/stm32f10x_dma.o
                              0x4e70b (size before relaxing)
 .debug_str     0x0004e7cd      0x1e3 ./system/src/stm32f1-stdperiph/stm32f10x_exti.o
                              0x4e200 (size before relaxing)
 .debug_str     0x0004e9b0      0x5c3 ./system/src/stm32f1-stdperiph/stm32f10x_gpio.o
                              0x4e5e0 (size before relaxing)
 .debug_str     0x0004ef73      0xb45 ./system/src/stm32f1-stdperiph/stm32f10x_rcc.o
                              0x4ebaf (size before relaxing)
 .debug_str     0x0004fab8      0x5e4 ./system/src/stm32f1-stdperiph/stm32f10x_spi.o
                              0x4e709 (size before relaxing)
 .debug_str     0x0005009c      0x7f1 ./system/src/stm32f1-stdperiph/stm32f10x_usart.o
                              0x4e919 (size before relaxing)
 .debug_str     0x0005088d     0x4dca ./system/src/newlib/_exit.o
                               0x7550 (size before relaxing)
 .debug_str     0x00055657      0x4f5 ./system/src/newlib/_sbrk.o
                               0x6902 (size before relaxing)
 .debug_str     0x00055b4c      0x25b ./system/src/newlib/_startup.o
                               0x60c4 (size before relaxing)
 .debug_str     0x00055da7      0xe28 ./system/src/newlib/_syscalls.o
                               0x777a (size before relaxing)
 .debug_str     0x00056bcf       0xd0 ./system/src/newlib/assert.o
                               0x8055 (size before relaxing)
 .debug_str     0x00056c9f      0x883 ./system/src/diag/Trace.o
                               0x7d32 (size before relaxing)
 .debug_str     0x00057522      0x37b ./system/src/diag/trace_impl.o
                              0x52135 (size before relaxing)
 .debug_str     0x0005789d       0x5e ./system/src/cortexm/_initialize_hardware.o
                              0x4e0ca (size before relaxing)
 .debug_str     0x000578fb      0x19d ./system/src/cortexm/exception_handlers.o
                              0x532c6 (size before relaxing)
 .debug_str     0x00057a98       0x96 ./system/src/cmsis/system_stm32f10x.o
                              0x4e164 (size before relaxing)
 .debug_str     0x00057b2e       0x57 ./system/src/cmsis/vectors_stm32f10x.o
                               0x3109 (size before relaxing)
 .debug_str     0x00057b85      0xc3c ./src/LoRa.o
                              0x53c3c (size before relaxing)
 .debug_str     0x000587c1       0xcf ./src/SPI.o
                              0x4e382 (size before relaxing)
 .debug_str     0x00058890      0x31b ./src/Timer.o
                              0x4e47f (size before relaxing)
 .debug_str     0x00058bab      0x116 ./src/command.o
                              0x53e31 (size before relaxing)
 .debug_str     0x00058cc1       0x4f ./src/config.o
                              0x4e108 (size before relaxing)
 .debug_str     0x00058d10      0x170 ./src/kx122.o
                              0x52ce6 (size before relaxing)
 .debug_str     0x00058e80      0x1db ./src/main.o
                              0x542a8 (size before relaxing)
 .debug_str     0x0005905b       0x85 ./src/mymalloc.o
                              0x4e3f2 (size before relaxing)
 .debug_str     0x000590e0       0x96 ./src/usart.o
                              0x51cb0 (size before relaxing)
 .debug_str     0x00059176      0x1c8 ./src/w25qxx.o
                              0x52602 (size before relaxing)

.debug_loc      0x00000000     0x4c3d
 *(.debug_loc)
 .debug_loc     0x00000000      0x16a ./system/src/stm32f1-stdperiph/misc.o
 .debug_loc     0x0000016a      0x36d ./system/src/stm32f1-stdperiph/stm32f10x_dma.o
 .debug_loc     0x000004d7      0x1d2 ./system/src/stm32f1-stdperiph/stm32f10x_exti.o
 .debug_loc     0x000006a9      0x8ae ./system/src/stm32f1-stdperiph/stm32f10x_gpio.o
 .debug_loc     0x00000f57      0x9cf ./system/src/stm32f1-stdperiph/stm32f10x_rcc.o
 .debug_loc     0x00001926      0x936 ./system/src/stm32f1-stdperiph/stm32f10x_spi.o
 .debug_loc     0x0000225c      0xc98 ./system/src/stm32f1-stdperiph/stm32f10x_usart.o
 .debug_loc     0x00002ef4       0x85 ./system/src/newlib/_sbrk.o
 .debug_loc     0x00002f79      0x19e ./system/src/newlib/_startup.o
 .debug_loc     0x00003117       0x63 ./system/src/newlib/_syscalls.o
 .debug_loc     0x0000317a      0x134 ./system/src/newlib/assert.o
 .debug_loc     0x000032ae       0xf6 ./system/src/diag/Trace.o
 .debug_loc     0x000033a4      0x121 ./system/src/diag/trace_impl.o
 .debug_loc     0x000034c5      0x291 ./system/src/cortexm/exception_handlers.o
 .debug_loc     0x00003756       0xdf ./system/src/cmsis/system_stm32f10x.o
 .debug_loc     0x00003835      0x3d2 ./src/LoRa.o
 .debug_loc     0x00003c07      0x1c8 ./src/SPI.o
 .debug_loc     0x00003dcf       0x59 ./src/Timer.o
 .debug_loc     0x00003e28       0xf2 ./src/command.o
 .debug_loc     0x00003f1a      0x348 ./src/kx122.o
 .debug_loc     0x00004262      0x3d9 ./src/mymalloc.o
 .debug_loc     0x0000463b      0x14a ./src/usart.o
 .debug_loc     0x00004785      0x4b8 ./src/w25qxx.o

.debug_macinfo
 *(.debug_macinfo)

.debug_weaknames
 *(.debug_weaknames)

.debug_funcnames
 *(.debug_funcnames)

.debug_typenames
 *(.debug_typenames)

.debug_varnames
 *(.debug_varnames)
OUTPUT(WL_LORA_1W.elf elf32-littlearm)

.debug_ranges   0x00000000      0x900
 .debug_ranges  0x00000000       0x30 ./system/src/stm32f1-stdperiph/misc.o
 .debug_ranges  0x00000030       0x60 ./system/src/stm32f1-stdperiph/stm32f10x_dma.o
 .debug_ranges  0x00000090       0x48 ./system/src/stm32f1-stdperiph/stm32f10x_exti.o
 .debug_ranges  0x000000d8       0x98 ./system/src/stm32f1-stdperiph/stm32f10x_gpio.o
 .debug_ranges  0x00000170      0x108 ./system/src/stm32f1-stdperiph/stm32f10x_rcc.o
 .debug_ranges  0x00000278       0xc0 ./system/src/stm32f1-stdperiph/stm32f10x_spi.o
 .debug_ranges  0x00000338       0xf0 ./system/src/stm32f1-stdperiph/stm32f10x_usart.o
 .debug_ranges  0x00000428       0x18 ./system/src/newlib/_exit.o
 .debug_ranges  0x00000440       0x10 ./system/src/newlib/_sbrk.o
 .debug_ranges  0x00000450       0x78 ./system/src/newlib/_startup.o
 .debug_ranges  0x000004c8       0x20 ./system/src/newlib/_syscalls.o
 .debug_ranges  0x000004e8       0x18 ./system/src/newlib/assert.o
 .debug_ranges  0x00000500       0x28 ./system/src/diag/Trace.o
 .debug_ranges  0x00000528       0x38 ./system/src/diag/trace_impl.o
 .debug_ranges  0x00000560       0x18 ./system/src/cortexm/_initialize_hardware.o
 .debug_ranges  0x00000578       0x80 ./system/src/cortexm/exception_handlers.o
 .debug_ranges  0x000005f8       0x28 ./system/src/cmsis/system_stm32f10x.o
 .debug_ranges  0x00000620       0x10 ./system/src/cmsis/vectors_stm32f10x.o
 .debug_ranges  0x00000630       0x50 ./src/LoRa.o
 .debug_ranges  0x00000680       0x38 ./src/SPI.o
 .debug_ranges  0x000006b8       0x28 ./src/Timer.o
 .debug_ranges  0x000006e0       0x30 ./src/command.o
 .debug_ranges  0x00000710       0x18 ./src/config.o
 .debug_ranges  0x00000728       0x90 ./src/kx122.o
 .debug_ranges  0x000007b8       0x10 ./src/main.o
 .debug_ranges  0x000007c8       0x50 ./src/mymalloc.o
 .debug_ranges  0x00000818       0x40 ./src/usart.o
 .debug_ranges  0x00000858       0xa8 ./src/w25qxx.o

.debug_macro    0x00000000    0x12447
 .debug_macro   0x00000000      0x171 ./system/src/stm32f1-stdperiph/misc.o
 .debug_macro   0x00000171      0x8c8 ./system/src/stm32f1-stdperiph/misc.o
 .debug_macro   0x00000a39       0x50 ./system/src/stm32f1-stdperiph/misc.o
 .debug_macro   0x00000a89      0x34e ./system/src/stm32f1-stdperiph/misc.o
 .debug_macro   0x00000dd7       0x35 ./system/src/stm32f1-stdperiph/misc.o
 .debug_macro   0x00000e0c       0x34 ./system/src/stm32f1-stdperiph/misc.o
 .debug_macro   0x00000e40      0xb8e ./system/src/stm32f1-stdperiph/misc.o
 .debug_macro   0x000019ce     0x7dbe ./system/src/stm32f1-stdperiph/misc.o
 .debug_macro   0x0000978c      0x2e4 ./system/src/stm32f1-stdperiph/misc.o
 .debug_macro   0x00009a70      0x144 ./system/src/stm32f1-stdperiph/misc.o
 .debug_macro   0x00009bb4      0x3cf ./system/src/stm32f1-stdperiph/misc.o
 .debug_macro   0x00009f83       0xc8 ./system/src/stm32f1-stdperiph/misc.o
 .debug_macro   0x0000a04b      0x17a ./system/src/stm32f1-stdperiph/misc.o
 .debug_macro   0x0000a1c5       0xac ./system/src/stm32f1-stdperiph/misc.o
 .debug_macro   0x0000a271      0x3ad ./system/src/stm32f1-stdperiph/misc.o
 .debug_macro   0x0000a61e       0x9d ./system/src/stm32f1-stdperiph/misc.o
 .debug_macro   0x0000a6bb      0x2cf ./system/src/stm32f1-stdperiph/misc.o
 .debug_macro   0x0000a98a      0x279 ./system/src/stm32f1-stdperiph/misc.o
 .debug_macro   0x0000ac03      0x2ac ./system/src/stm32f1-stdperiph/misc.o
 .debug_macro   0x0000aeaf      0x2b4 ./system/src/stm32f1-stdperiph/misc.o
 .debug_macro   0x0000b163       0x64 ./system/src/stm32f1-stdperiph/misc.o
 .debug_macro   0x0000b1c7       0x82 ./system/src/stm32f1-stdperiph/misc.o
 .debug_macro   0x0000b249      0x3e2 ./system/src/stm32f1-stdperiph/misc.o
 .debug_macro   0x0000b62b       0x58 ./system/src/stm32f1-stdperiph/misc.o
 .debug_macro   0x0000b683      0x344 ./system/src/stm32f1-stdperiph/misc.o
 .debug_macro   0x0000b9c7      0x2c4 ./system/src/stm32f1-stdperiph/misc.o
 .debug_macro   0x0000bc8b      0x711 ./system/src/stm32f1-stdperiph/misc.o
 .debug_macro   0x0000c39c      0x222 ./system/src/stm32f1-stdperiph/misc.o
 .debug_macro   0x0000c5be       0x34 ./system/src/stm32f1-stdperiph/misc.o
 .debug_macro   0x0000c5f2       0x35 ./system/src/stm32f1-stdperiph/misc.o
 .debug_macro   0x0000c627       0x85 ./system/src/stm32f1-stdperiph/misc.o
 .debug_macro   0x0000c6ac      0x1bf ./system/src/stm32f1-stdperiph/stm32f10x_dma.o
 .debug_macro   0x0000c86b      0x3a7 ./system/src/stm32f1-stdperiph/stm32f10x_dma.o
 .debug_macro   0x0000cc12      0x171 ./system/src/stm32f1-stdperiph/stm32f10x_exti.o
 .debug_macro   0x0000cd83       0x97 ./system/src/stm32f1-stdperiph/stm32f10x_exti.o
 .debug_macro   0x0000ce1a      0x1b9 ./system/src/stm32f1-stdperiph/stm32f10x_gpio.o
 .debug_macro   0x0000cfd3      0x2a6 ./system/src/stm32f1-stdperiph/stm32f10x_gpio.o
 .debug_macro   0x0000d279      0x287 ./system/src/stm32f1-stdperiph/stm32f10x_rcc.o
 .debug_macro   0x0000d500      0x3dc ./system/src/stm32f1-stdperiph/stm32f10x_rcc.o
 .debug_macro   0x0000d8dc      0x1d1 ./system/src/stm32f1-stdperiph/stm32f10x_spi.o
 .debug_macro   0x0000daad      0x2be ./system/src/stm32f1-stdperiph/stm32f10x_spi.o
 .debug_macro   0x0000dd6b      0x21f ./system/src/stm32f1-stdperiph/stm32f10x_usart.o
 .debug_macro   0x0000df8a      0x21c ./system/src/stm32f1-stdperiph/stm32f10x_usart.o
 .debug_macro   0x0000e1a6      0x1a7 ./system/src/newlib/_exit.o
 .debug_macro   0x0000e34d       0x9c ./system/src/newlib/_exit.o
 .debug_macro   0x0000e3e9      0x10e ./system/src/newlib/_exit.o
 .debug_macro   0x0000e4f7       0x8d ./system/src/newlib/_exit.o
 .debug_macro   0x0000e584       0x43 ./system/src/newlib/_exit.o
 .debug_macro   0x0000e5c7      0x330 ./system/src/newlib/_exit.o
 .debug_macro   0x0000e8f7       0x35 ./system/src/newlib/_exit.o
 .debug_macro   0x0000e92c      0x15c ./system/src/newlib/_sbrk.o
 .debug_macro   0x0000ea88      0x174 ./system/src/newlib/_sbrk.o
 .debug_macro   0x0000ebfc       0x10 ./system/src/newlib/_sbrk.o
 .debug_macro   0x0000ec0c      0x23b ./system/src/newlib/_sbrk.o
 .debug_macro   0x0000ee47      0x166 ./system/src/newlib/_startup.o
 .debug_macro   0x0000efad      0x20a ./system/src/newlib/_syscalls.o
 .debug_macro   0x0000f1b7       0x1c ./system/src/newlib/_syscalls.o
 .debug_macro   0x0000f1d3       0x10 ./system/src/newlib/_syscalls.o